[exp16b 18:16:18] output dir: /home/angkon/Projects/Blockchain/FCDH_linux_validation/Fardeen_Codex_Dhaka_Meetup_Hackathon/experiments/orderer_outage_reconciliation_16b/results/20260730_181618
[exp16b 18:16:18] creating fixture (fresh doc + cross-firm grant) via ../orderer_outage_divergence/setup.mjs
[setup] logged in owner a.rahman@lawfirm-a.example
[setup] case b82deef6-e4d4-4b84-bbb3-8933694ca979
[setup] document ef6b8b5a-2f5a-42a6-bcee-817d3f8884c0 (fabricTx dd2ee9bdcdcd19e318f8a9cf376de6a041cdf8d4e07d03144a84727ec574c515)
[setup] granted read on ef6b8b5a-2f5a-42a6-bcee-817d3f8884c0 to s.chowdhury@lawfirm-b.example (30-day expiry)
[exp16b 18:16:26] fixture doc=ef6b8b5a-2f5a-42a6-bcee-817d3f8884c0 grantee=6afbbf2b-4a8c-4097-bed6-5b1c1fc52f3d (FirmBMSP)
[exp16b 18:16:28] [0] baseline grantee download (healthy): HTTP 200
[exp16b 18:16:28] [1] stopping orderers (peers stay up): orderer1.pangochain.com orderer2.pangochain.com orderer3.pangochain.com
[exp16b 18:16:29] [2] grantee download during outage: HTTP 200
[exp16b 18:16:29] [3] owner revoke during outage (submit->orderer): HTTP 202 body={"ledgerSyncStatus":"pending","pendingAnchorId":"2e82aabf-0aca-4c3d-87ee-874057eb9030"}
[exp16b 18:16:29] [4] grantee download AFTER revoke (still outage): HTTP 200 (expect 200 — same bounded exposure as Exp 16)
[exp16b 18:16:29] [5] grantee wrapped-key AFTER revoke: HTTP 403 (DB-gated; unchanged by this fix)
[exp16b 18:16:29] [6] ledger CheckAccess=true | DB revoked=t | pending_anchor.status=PENDING
[exp16b 18:16:29] [7] restarting orderers; polling every 2s (timeout 300s) for automatic reconciliation — no manual action
[exp16b 18:16:47] [7] RECONCILED automatically after 18s (wall clock from revoke request to ledger=false + anchor=COMMITTED). No manual action taken.
[exp16b 18:16:47] [7] pending_anchor (attempts, precise_divergence_seconds) = 1|16.461604
[exp16b 18:16:47] [8] grantee download after reconciliation: HTTP 403 (expect 403 — fixed; Exp 16 pre-fix was permanently 200)
[exp16b 18:16:47] done. summary:
    step  description                                   result                                                                             
    0     "baseline download (healthy)"                 "HTTP 200"                                                                         
    1     "stop orderers (peers up)"                    "stopped orderer1.pangochain.com orderer2.pangochain.com orderer3.pangochain.com"  
    2     "download during outage (evaluate->peer)"     "HTTP 200"                                                                         
    3     "revoke during outage (durable outbox)"       "HTTP 202 {""ledgerSyncStatus"":""pending""                                        ""pendingAnchorId"":""2e82aabf-0aca-4c3d-87ee-874057eb9030""}"
    4     "download after revoke (still outage)"        "HTTP 200"                                                                         
    5     "wrapped-key after revoke (DB-gated)"         "HTTP 403"                                                                         
    6     "ledger/DB/outbox during outage"              "ledger=true db_revoked=t anchor=PENDING"                                          
    7     "auto-reconciliation after orderer recovery"  "reconciled=true divergence_window_s=18"                                           
    8     "download after reconciliation"               "HTTP 403"                                                                         
[exp16b 18:16:47] raw evidence in /home/angkon/Projects/Blockchain/FCDH_linux_validation/Fardeen_Codex_Dhaka_Meetup_Hackathon/experiments/orderer_outage_reconciliation_16b/results/20260730_181618
