[exp16b 18:16:47] output dir: /home/angkon/Projects/Blockchain/FCDH_linux_validation/Fardeen_Codex_Dhaka_Meetup_Hackathon/experiments/orderer_outage_reconciliation_16b/results/20260730_181647
[exp16b 18:16:47] creating fixture (fresh doc + cross-firm grant) via ../orderer_outage_divergence/setup.mjs
[setup] logged in owner a.rahman@lawfirm-a.example
[setup] case 3907fdf1-7a64-49e6-b5d4-9743c0664144
[setup] document 4ac0ff1e-46e8-45b2-acef-39ffd72b2f59 (fabricTx 03346afdd9148c106e167800a362132edf54e751e46f1d97e839a8257d565694)
[setup] granted read on 4ac0ff1e-46e8-45b2-acef-39ffd72b2f59 to s.chowdhury@lawfirm-b.example (30-day expiry)
[exp16b 18:16:54] fixture doc=4ac0ff1e-46e8-45b2-acef-39ffd72b2f59 grantee=6afbbf2b-4a8c-4097-bed6-5b1c1fc52f3d (FirmBMSP)
[exp16b 18:16:57] [0] baseline grantee download (healthy): HTTP 200
[exp16b 18:16:57] [1] stopping orderers (peers stay up): orderer1.pangochain.com orderer2.pangochain.com orderer3.pangochain.com
[exp16b 18:16:57] [2] grantee download during outage: HTTP 200
[exp16b 18:16:57] [3] owner revoke during outage (submit->orderer): HTTP 202 body={"ledgerSyncStatus":"pending","pendingAnchorId":"3114dd4a-3bfc-43b9-aaaf-579a17f0ce75"}
[exp16b 18:16:57] [4] grantee download AFTER revoke (still outage): HTTP 200 (expect 200 — same bounded exposure as Exp 16)
[exp16b 18:16:57] [5] grantee wrapped-key AFTER revoke: HTTP 403 (DB-gated; unchanged by this fix)
[exp16b 18:16:58] [6] ledger CheckAccess=true | DB revoked=t | pending_anchor.status=PENDING
[exp16b 18:16:58] [7] restarting orderers; polling every 2s (timeout 300s) for automatic reconciliation — no manual action
[exp16b 18:17:13] [7] RECONCILED automatically after 16s (wall clock from revoke request to ledger=false + anchor=COMMITTED). No manual action taken.
[exp16b 18:17:13] [7] pending_anchor (attempts, precise_divergence_seconds) = 1|14.863816
[exp16b 18:17:13] [8] grantee download after reconciliation: HTTP 403 (expect 403 — fixed; Exp 16 pre-fix was permanently 200)
[exp16b 18:17:13] done. summary:
    step  description                                   result                                                                             
    0     "baseline download (healthy)"                 "HTTP 200"                                                                         
    1     "stop orderers (peers up)"                    "stopped orderer1.pangochain.com orderer2.pangochain.com orderer3.pangochain.com"  
    2     "download during outage (evaluate->peer)"     "HTTP 200"                                                                         
    3     "revoke during outage (durable outbox)"       "HTTP 202 {""ledgerSyncStatus"":""pending""                                        ""pendingAnchorId"":""3114dd4a-3bfc-43b9-aaaf-579a17f0ce75""}"
    4     "download after revoke (still outage)"        "HTTP 200"                                                                         
    5     "wrapped-key after revoke (DB-gated)"         "HTTP 403"                                                                         
    6     "ledger/DB/outbox during outage"              "ledger=true db_revoked=t anchor=PENDING"                                          
    7     "auto-reconciliation after orderer recovery"  "reconciled=true divergence_window_s=16"                                           
    8     "download after reconciliation"               "HTTP 403"                                                                         
[exp16b 18:17:13] raw evidence in /home/angkon/Projects/Blockchain/FCDH_linux_validation/Fardeen_Codex_Dhaka_Meetup_Hackathon/experiments/orderer_outage_reconciliation_16b/results/20260730_181647
