This is pdfTeX, Version 3.141592653-2.6-1.40.29 (TeX Live 2026) (preloaded format=pdflatex 2026.7.12)  16 JUL 2026 17:05
entering extended mode
 restricted \write18 enabled.
 %&-line parsing enabled.
**main.tex
(./main.tex
LaTeX2e <2026-06-01>
L3 programming layer <2026-06-18>
(/usr/local/texlive/2026/texmf-dist/tex/latex/elsarticle/elsarticle.cls
Document Class: elsarticle 2026/01/09, 3.5: Elsevier Ltd
(/usr/local/texlive/2026/texmf-dist/tex/latex/base/fontenc.sty
Package: fontenc 2025/07/18 v2.1d Standard LaTeX package
)
(/usr/local/texlive/2026/texmf-dist/tex/latex/l3kernel/expl3.sty
Package: expl3 2026-06-18 L3 programming layer (loader) 

(/usr/local/texlive/2026/texmf-dist/tex/latex/l3backend/l3backend-pdftex.def
File: l3backend-pdftex.def 2026-02-18 L3 backend support: PDF output (pdfTeX)
\l__color_backend_stack_int=\count276
))
(/usr/local/texlive/2026/texmf-dist/tex/latex/l3packages/xparse/xparse.sty
Package: xparse 2025-10-09 L3 Experimental document command parser
)
(/usr/local/texlive/2026/texmf-dist/tex/latex/etoolbox/etoolbox.sty
Package: etoolbox 2025/10/02 v2.5m e-TeX tools for LaTeX (JAW)
\etb@tempcnta=\count277
)
\@bls=\dimen150

(/usr/local/texlive/2026/texmf-dist/tex/latex/base/article.cls
Document Class: article 2025/01/22 v1.4n Standard LaTeX document class
(/usr/local/texlive/2026/texmf-dist/tex/latex/base/size12.clo
File: size12.clo 2025/01/22 v1.4n Standard LaTeX file (size option)
)
\c@part=\count278
\c@section=\count279
\c@subsection=\count280
\c@subsubsection=\count281
\c@paragraph=\count282
\c@subparagraph=\count283
\c@figure=\count284
\c@table=\count285
\abovecaptionskip=\skip49
\belowcaptionskip=\skip50
\bibindent=\dimen151
)
(/usr/local/texlive/2026/texmf-dist/tex/latex/graphics/graphicx.sty
Package: graphicx 2026-05-17 v1.2e Enhanced LaTeX Graphics (DPC,SPQR)

(/usr/local/texlive/2026/texmf-dist/tex/latex/graphics/keyval.sty
Package: keyval 2026-05-17 v1.15 key=value parser (DPC)
\KV@toks@=\toks17
)
(/usr/local/texlive/2026/texmf-dist/tex/latex/graphics/graphics.sty
Package: graphics 2026-05-17 v1.4h Standard LaTeX Graphics (DPC,SPQR)

(/usr/local/texlive/2026/texmf-dist/tex/latex/graphics/trig.sty
Package: trig 2023/12/02 v1.11 sin cos tan (DPC)
)
(/usr/local/texlive/2026/texmf-dist/tex/latex/graphics-cfg/graphics.cfg
File: graphics.cfg 2016/06/04 v1.11 sample graphics configuration
)
Package graphics Info: Driver file: pdftex.def on input line 106.

(/usr/local/texlive/2026/texmf-dist/tex/latex/graphics-def/pdftex.def
File: pdftex.def 2025/09/29 v1.2d Graphics/color driver for pdftex
))
\Gin@req@height=\dimen152
\Gin@req@width=\dimen153
)
\c@tnote=\count286
\c@fnote=\count287
\c@cnote=\count288
\c@ead=\count289
\c@elsarticle@author=\count290
\@eadauthor=\toks18
\c@affn=\count291
\absbox=\box53
\elsarticlehighlightsbox=\box54
\elsarticlegrabsbox=\box55
\keybox=\box56
\Columnwidth=\dimen154
\space@left=\dimen155
\els@boxa=\box57
\els@boxb=\box58
\leftMargin=\dimen156
\@enLab=\toks19
\@sep=\skip51
\@@sep=\skip52

(./main.spl) (/usr/local/texlive/2026/texmf-dist/tex/latex/natbib/natbib.sty
Package: natbib 2010/09/13 8.31b (PWD, AO)
\bibhang=\skip53
\bibsep=\skip54
LaTeX Info: Redefining \cite on input line 694.
\c@NAT@ctr=\count292
)
\splwrite=\write3
\openout3 = `main.spl'.

\appnamewidth=\dimen157
)
(/usr/local/texlive/2026/texmf-dist/tex/latex/silence/silence.sty
Package: silence 2012/07/02 v1.5b Selective filtering of warnings and error mes
sages
\sl@Save=\count293
\sl@StateNumber=\count294
\sl@MessageCount=\count295
\sl@Casualties=\count296
\sl@Filter=\toks20
\sl@Message=\toks21
\sl@UnexpandedMessage=\toks22
\sl@Mess@ge=\toks23
\sl@WarningCount=\count297
\sl@WarningNumber=\count298
\sl@WarningCasualties=\count299
\sl@TempBOW=\toks24
\sl@BankOfWarnings=\toks25
LaTeX Info: Redefining \GenericWarning on input line 433.
\sl@ErrorCount=\count300
\sl@ErrorNumber=\count301
\sl@ErrorCasualties=\count302
\sl@TempBOE=\toks26
\sl@BankOfErrors=\toks27
LaTeX Info: Redefining \GenericError on input line 601.
)
(/usr/local/texlive/2026/texmf-dist/tex/latex/base/inputenc.sty
Package: inputenc 2024/02/08 v1.3d Input encoding file
\inpenc@prehook=\toks28
\inpenc@posthook=\toks29
)
(/usr/local/texlive/2026/texmf-dist/tex/latex/amsmath/amsmath.sty
Package: amsmath 2026/05/19 v2.18d AMS math features
\@mathmargin=\skip55

For additional information on amsmath, use the `?' option.
(/usr/local/texlive/2026/texmf-dist/tex/latex/amsmath/amstext.sty
Package: amstext 2024/11/17 v2.01 AMS text

(/usr/local/texlive/2026/texmf-dist/tex/latex/amsmath/amsgen.sty
File: amsgen.sty 1999/11/30 v2.0 generic functions
\@emptytoks=\toks30
\ex@=\dimen158
))
(/usr/local/texlive/2026/texmf-dist/tex/latex/amsmath/amsbsy.sty
Package: amsbsy 1999/11/29 v1.2d Bold Symbols
\pmbraise@=\dimen159
)
(/usr/local/texlive/2026/texmf-dist/tex/latex/amsmath/amsopn.sty
Package: amsopn 2022/04/08 v2.04 operator names
)
\inf@bad=\count303
LaTeX Info: Redefining \frac on input line 233.
\uproot@=\count304
\leftroot@=\count305
LaTeX Info: Redefining \overline on input line 398.
LaTeX Info: Redefining \colon on input line 409.
\classnum@=\count306
\DOTSCASE@=\count307
LaTeX Info: Redefining \ldots on input line 495.
LaTeX Info: Redefining \dots on input line 498.
LaTeX Info: Redefining \cdots on input line 619.
\Mathstrutbox@=\box59
\strutbox@=\box60
LaTeX Info: Redefining \big on input line 721.
LaTeX Info: Redefining \Big on input line 722.
LaTeX Info: Redefining \bigg on input line 723.
LaTeX Info: Redefining \Bigg on input line 724.
\big@size=\dimen160
LaTeX Font Info:    Redeclaring font encoding OML on input line 742.
LaTeX Font Info:    Redeclaring font encoding OMS on input line 743.
\macc@depth=\count308
LaTeX Info: Redefining \bmod on input line 904.
LaTeX Info: Redefining \pmod on input line 909.
LaTeX Info: Redefining \smash on input line 939.
LaTeX Info: Redefining \relbar on input line 969.
LaTeX Info: Redefining \Relbar on input line 970.
\c@MaxMatrixCols=\count309
\dotsspace@=\muskip17
\c@parentequation=\count310
\dspbrk@lvl=\count311
\tag@help=\toks31
\row@=\count312
\column@=\count313
\maxfields@=\count314
\andhelp@=\toks32
\eqnshift@=\dimen161
\alignsep@=\dimen162
\tagshift@=\dimen163
\tagwidth@=\dimen164
\totwidth@=\dimen165
\lineht@=\dimen166
\@envbody=\toks33
\multlinegap=\skip56
\multlinetaggap=\skip57
\mathdisplay@stack=\toks34
LaTeX Info: Redefining \[ on input line 2965.
LaTeX Info: Redefining \] on input line 2966.
)
(/usr/local/texlive/2026/texmf-dist/tex/latex/amsfonts/amssymb.sty
Package: amssymb 2013/01/14 v3.01 AMS font symbols

(/usr/local/texlive/2026/texmf-dist/tex/latex/amsfonts/amsfonts.sty
Package: amsfonts 2013/01/14 v3.01 Basic AMSFonts support
\symAMSa=\mathgroup4
\symAMSb=\mathgroup5
LaTeX Font Info:    Redeclaring math symbol \hbar on input line 98.
LaTeX Font Info:    Overwriting math alphabet `\mathfrak' in version `bold'
(Font)                  U/euf/m/n --> U/euf/b/n on input line 106.
))
(/usr/local/texlive/2026/texmf-dist/tex/latex/algorithms/algorithm.sty
Package: algorithm 2009/08/24 v0.1 Document Style `algorithm' - floating enviro
nment

(/usr/local/texlive/2026/texmf-dist/tex/latex/float/float.sty
Package: float 2001/11/08 v1.3d Float enhancements (AL)
\c@float@type=\count315
\float@exts=\toks35
\float@box=\box61
\@float@everytoks=\toks36
\@floatcapt=\box62
)
(/usr/local/texlive/2026/texmf-dist/tex/latex/base/ifthen.sty
Package: ifthen 2024/03/16 v1.1e Standard LaTeX ifthen package (DPC)
)
\@float@every@algorithm=\toks37
\c@algorithm=\count316
)
(/usr/local/texlive/2026/texmf-dist/tex/latex/algorithms/algorithmic.sty
Package: algorithmic 2009/08/24 v0.1 Document Style `algorithmic'
\c@ALC@unique=\count317
\c@ALC@line=\count318
\c@ALC@rem=\count319
\c@ALC@depth=\count320
\ALC@tlm=\skip58
\algorithmicindent=\skip59
)
(/usr/local/texlive/2026/texmf-dist/tex/latex/base/textcomp.sty
Package: textcomp 2024/04/24 v2.1b Standard LaTeX package
)
(/usr/local/texlive/2026/texmf-dist/tex/latex/tools/array.sty
Package: array 2026/02/24 v2.7b Tabular extension package (FMi)
\col@sep=\dimen167
\ar@mcellbox=\box63
\extrarowheight=\dimen168
\NC@list=\toks38
\extratabsurround=\skip60
\backup@length=\skip61
\ar@cellbox=\box64
)
(/usr/local/texlive/2026/texmf-dist/tex/latex/tools/tabularx.sty
Package: tabularx 2023/12/11 v2.12a `tabularx' package (DPC)
\TX@col@width=\dimen169
\TX@old@table=\dimen170
\TX@old@col=\dimen171
\TX@target=\dimen172
\TX@delta=\dimen173
\TX@cols=\count321
\TX@ftn=\toks39
)
(/usr/local/texlive/2026/texmf-dist/tex/latex/xltabular/xltabular.sty
Package: xltabular 2025/02/28 v0.2i `xltabular' package (hv,RN)

(/usr/local/texlive/2026/texmf-dist/tex/latex/ltablex/ltablex.sty
Package: ltablex 2014/08/13 v1.1 Modified tabularx

(/usr/local/texlive/2026/texmf-dist/tex/latex/tools/longtable.sty
Package: longtable 2026-01-28 v4.27 Multi-page Table package (DPC)
\LTleft=\skip62
\LTright=\skip63
\LTpre=\skip64
\LTpost=\skip65
\LTchunksize=\count322
\LTcapwidth=\dimen174
\LT@head=\box65
\LT@firsthead=\box66
\LT@foot=\box67
\LT@lastfoot=\box68
\LT@gbox=\box69
\LT@cols=\count323
\LT@rows=\count324
\c@LT@tables=\count325
\c@LT@chunks=\count326
\LT@p@ftn=\toks40
)))
(/usr/local/texlive/2026/texmf-dist/tex/latex/booktabs/booktabs.sty
Package: booktabs 2020/01/12 v1.61803398 Publication quality tables
\heavyrulewidth=\dimen175
\lightrulewidth=\dimen176
\cmidrulewidth=\dimen177
\belowrulesep=\dimen178
\belowbottomsep=\dimen179
\aboverulesep=\dimen180
\abovetopsep=\dimen181
\cmidrulesep=\dimen182
\cmidrulekern=\dimen183
\defaultaddspace=\dimen184
\@cmidla=\count327
\@cmidlb=\count328
\@aboverulesep=\dimen185
\@belowrulesep=\dimen186
\@thisruleclass=\count329
\@lastruleclass=\count330
\@thisrulewidth=\dimen187
)
(/usr/local/texlive/2026/texmf-dist/tex/latex/ragged2e/ragged2e.sty
Package: ragged2e 2023/06/22 v3.6 ragged2e Package
\CenteringLeftskip=\skip66
\RaggedLeftLeftskip=\skip67
\RaggedRightLeftskip=\skip68
\CenteringRightskip=\skip69
\RaggedLeftRightskip=\skip70
\RaggedRightRightskip=\skip71
\CenteringParfillskip=\skip72
\RaggedLeftParfillskip=\skip73
\RaggedRightParfillskip=\skip74
\JustifyingParfillskip=\skip75
\CenteringParindent=\skip76
\RaggedLeftParindent=\skip77
\RaggedRightParindent=\skip78
\JustifyingParindent=\skip79
)
(/usr/local/texlive/2026/texmf-dist/tex/latex/comment/comment.sty
\CommentStream=\write4

Excluding comment 'comment')
(/usr/local/texlive/2026/texmf-dist/tex/latex/dblfloatfix/dblfloatfix.sty
Package: dblfloatfix 2012/12/31 v1.0a (JAW)

(/usr/local/texlive/2026/texmf-dist/tex/latex/base/fixltx2e.sty
Package: fixltx2e 2016/12/29 v2.1a fixes to LaTeX (obsolete)
Applying: [2015/01/01] Old fixltx2e package on input line 46.


Package fixltx2e Warning: fixltx2e is not required with releases after 2015
(fixltx2e)                All fixes are now in the LaTeX kernel.
(fixltx2e)                See the latexrelease package for details.

Already applied: [0000/00/00] Old fixltx2e package on input line 53.
)
\@dblbotnum=\count331
\c@dblbotnumber=\count332
) (/usr/local/texlive/2026/texmf-dist/tex/latex/subfig/subfig.sty
Package: subfig 2005/06/28 ver: 1.3 subfig package

(/usr/local/texlive/2026/texmf-dist/tex/latex/caption/caption3.sty
Package: caption3 2023/07/31 v2.4d caption3 kernel (AR)
\caption@tempdima=\dimen188
\captionmargin=\dimen189
\caption@leftmargin=\dimen190
\caption@rightmargin=\dimen191
\caption@width=\dimen192
\caption@indent=\dimen193
\caption@parindent=\dimen194
\caption@hangindent=\dimen195
Package caption Info: elsarticle document class detected.

(/usr/local/texlive/2026/texmf-dist/tex/latex/caption/caption-elsarticle.sto
File: caption-elsarticle.sto 2020/08/22 v2.0 Adaption of the caption package to
 the elsarticle document class (AR)
))
\c@KVtest=\count333
\sf@farskip=\skip80
\sf@captopadj=\dimen196
\sf@capskip=\skip81
\sf@nearskip=\skip82
\c@subfigure=\count334
\c@subfigure@save=\count335
\c@lofdepth=\count336
\c@subtable=\count337
\c@subtable@save=\count338
\c@lotdepth=\count339
\sf@top=\skip83
\sf@bottom=\skip84
) (/usr/local/texlive/2026/texmf-dist/tex/latex/microtype/microtype.sty
Package: microtype 2026/03/01 v3.2d Micro-typographical refinements (RS)
\MT@toks=\toks41
\MT@tempbox=\box70
\MT@count=\count340
LaTeX Info: Redefining \noprotrusionifhmode on input line 1084.
LaTeX Info: Redefining \leftprotrusion on input line 1085.
\MT@prot@toks=\toks42
LaTeX Info: Redefining \rightprotrusion on input line 1104.
LaTeX Info: Redefining \textls on input line 1449.
\MT@outer@kern=\dimen197
LaTeX Info: Redefining \microtypecontext on input line 2053.
LaTeX Info: Redefining \textmicrotypecontext on input line 2070.
\MT@listname@count=\count341

(/usr/local/texlive/2026/texmf-dist/tex/latex/microtype/microtype-pdftex.def
File: microtype-pdftex.def 2026/03/01 v3.2d Definitions specific to pdftex (RS)

LaTeX Info: Redefining \lsstyle on input line 944.
LaTeX Info: Redefining \lslig on input line 944.
\MT@outer@space=\skip85
)
Package microtype Info: Loading configuration file microtype.cfg.

(/usr/local/texlive/2026/texmf-dist/tex/latex/microtype/microtype.cfg
File: microtype.cfg 2026/03/01 v3.2d microtype main configuration file (RS)
)
LaTeX Info: Redefining \microtypesetup on input line 3065.
)
(/usr/local/texlive/2026/texmf-dist/tex/latex/xurl/xurl.sty
Package: xurl 2022/01/09 v 0.10 modify URL breaks

(/usr/local/texlive/2026/texmf-dist/tex/latex/url/url.sty
\Urlmuskip=\muskip18
Package: url 2013/09/16  ver 3.4  Verb mode for urls, etc.
))
(/usr/local/texlive/2026/texmf-dist/tex/latex/listings/listings.sty
\lst@mode=\count342
\lst@gtempboxa=\box71
\lst@token=\toks43
\lst@length=\count343
\lst@currlwidth=\dimen198
\lst@column=\count344
\lst@pos=\count345
\lst@lostspace=\dimen199
\lst@width=\dimen256
\lst@newlines=\count346
\lst@lineno=\count347
\lst@maxwidth=\dimen257

(/usr/local/texlive/2026/texmf-dist/tex/latex/listings/lstpatch.sty
File: lstpatch.sty 2025/11/14 1.11b (Carsten Heinz)
)
(/usr/local/texlive/2026/texmf-dist/tex/latex/listings/lstmisc.sty
File: lstmisc.sty 2025/11/14 1.11b (Carsten Heinz)
\c@lstnumber=\count348
\lst@skipnumbers=\count349
\lst@framebox=\box72
)
(/usr/local/texlive/2026/texmf-dist/tex/latex/listings/listings.cfg
File: listings.cfg 2025/11/14 1.11b listings configuration
))
Package: listings 2025/11/14 1.11b (Carsten Heinz)

(/usr/local/texlive/2026/texmf-dist/tex/latex/xcolor/xcolor.sty
Package: xcolor 2024/09/29 v3.02 LaTeX color extensions (UK)

(/usr/local/texlive/2026/texmf-dist/tex/latex/graphics-cfg/color.cfg
File: color.cfg 2016/01/02 v1.6 sample color configuration
)
Package xcolor Info: Driver file: pdftex.def on input line 274.

(/usr/local/texlive/2026/texmf-dist/tex/latex/graphics/mathcolor.ltx)
Package xcolor Info: Model `cmy' substituted by `cmy0' on input line 1349.
Package xcolor Info: Model `hsb' substituted by `rgb' on input line 1353.
Package xcolor Info: Model `RGB' extended on input line 1365.
Package xcolor Info: Model `HTML' substituted by `rgb' on input line 1367.
Package xcolor Info: Model `Hsb' substituted by `hsb' on input line 1368.
Package xcolor Info: Model `tHsb' substituted by `hsb' on input line 1369.
Package xcolor Info: Model `HSB' substituted by `hsb' on input line 1370.
Package xcolor Info: Model `Gray' substituted by `gray' on input line 1371.
Package xcolor Info: Model `wave' substituted by `hsb' on input line 1372.
)
(/usr/local/texlive/2026/texmf-dist/tex/latex/needspace/needspace.sty
Package: needspace 2025/03/13 v1.3e reserve vertical space
)
(/usr/local/texlive/2026/texmf-dist/tex/latex/placeins/placeins.sty
Package: placeins 2005/04/18  v 2.2
)
(/usr/local/texlive/2026/texmf-dist/tex/latex/hyperref/hyperref.sty
Package: hyperref 2026-06-17 v7.01r Hypertext links for LaTeX

(/usr/local/texlive/2026/texmf-dist/tex/generic/iftex/iftex.sty
Package: iftex 2024/12/12 v1.0g TeX engine tests
)
(/usr/local/texlive/2026/texmf-dist/tex/latex/kvsetkeys/kvsetkeys.sty
Package: kvsetkeys 2022-10-05 v1.19 Key value parser (HO)
)
(/usr/local/texlive/2026/texmf-dist/tex/generic/kvdefinekeys/kvdefinekeys.sty
Package: kvdefinekeys 2019-12-19 v1.6 Define keys (HO)
)
(/usr/local/texlive/2026/texmf-dist/tex/generic/pdfescape/pdfescape.sty
Package: pdfescape 2019/12/09 v1.15 Implements pdfTeX's escape features (HO)

(/usr/local/texlive/2026/texmf-dist/tex/generic/ltxcmds/ltxcmds.sty
Package: ltxcmds 2023-12-04 v1.26 LaTeX kernel commands for general use (HO)
)
(/usr/local/texlive/2026/texmf-dist/tex/generic/pdftexcmds/pdftexcmds.sty
Package: pdftexcmds 2020-06-27 v0.33 Utility functions of pdfTeX for LuaTeX (HO
)

(/usr/local/texlive/2026/texmf-dist/tex/generic/infwarerr/infwarerr.sty
Package: infwarerr 2019/12/03 v1.5 Providing info/warning/error messages (HO)
)
Package pdftexcmds Info: \pdf@primitive is available.
Package pdftexcmds Info: \pdf@ifprimitive is available.
Package pdftexcmds Info: \pdfdraftmode found.
))
(/usr/local/texlive/2026/texmf-dist/tex/latex/hycolor/hycolor.sty
Package: hycolor 2020-01-27 v1.10 Color options for hyperref/bookmark (HO)
)
(/usr/local/texlive/2026/texmf-dist/tex/latex/hyperref/nameref.sty
Package: nameref 2026-01-29 v2.58 Cross-referencing by name of section

(/usr/local/texlive/2026/texmf-dist/tex/latex/refcount/refcount.sty
Package: refcount 2019/12/15 v3.6 Data extraction from label references (HO)
)
(/usr/local/texlive/2026/texmf-dist/tex/generic/gettitlestring/gettitlestring.s
ty
Package: gettitlestring 2019/12/15 v1.6 Cleanup title references (HO)
 (/usr/local/texlive/2026/texmf-dist/tex/latex/kvoptions/kvoptions.sty
Package: kvoptions 2022-06-15 v3.15 Key value format for package options (HO)
))
\c@section@level=\count350
)
(/usr/local/texlive/2026/texmf-dist/tex/generic/stringenc/stringenc.sty
Package: stringenc 2019/11/29 v1.12 Convert strings between diff. encodings (HO
)
)
\@linkdim=\dimen258
\Hy@linkcounter=\count351
\Hy@pagecounter=\count352

(/usr/local/texlive/2026/texmf-dist/tex/latex/hyperref/pd1enc.def
File: pd1enc.def 2026-06-17 v7.01r Hyperref: PDFDocEncoding definition (HO)
Now handling font encoding PD1 ...
... no UTF-8 mapping file for font encoding PD1
)
(/usr/local/texlive/2026/texmf-dist/tex/generic/intcalc/intcalc.sty
Package: intcalc 2019/12/15 v1.3 Expandable calculations with integers (HO)
)
\Hy@SavedSpaceFactor=\count353

(/usr/local/texlive/2026/texmf-dist/tex/latex/hyperref/puenc.def
File: puenc.def 2026-06-17 v7.01r Hyperref: PDF Unicode definition (HO)
Now handling font encoding PU ...
... no UTF-8 mapping file for font encoding PU
)
Package hyperref Info: Hyper figures OFF on input line 4199.
Package hyperref Info: Link nesting OFF on input line 4204.
Package hyperref Info: Hyper index ON on input line 4207.
Package hyperref Info: Plain pages OFF on input line 4214.
Package hyperref Info: Backreferencing OFF on input line 4219.
Package hyperref Info: Implicit mode ON; LaTeX internals redefined.
Package hyperref Info: Bookmarks ON on input line 4466.
\c@Hy@tempcnt=\count354
LaTeX Info: Redefining \url on input line 4805.
\XeTeXLinkMargin=\dimen259

(/usr/local/texlive/2026/texmf-dist/tex/generic/bitset/bitset.sty
Package: bitset 2019/12/09 v1.3 Handle bit-vector datatype (HO)

(/usr/local/texlive/2026/texmf-dist/tex/generic/bigintcalc/bigintcalc.sty
Package: bigintcalc 2019/12/15 v1.5 Expandable calculations on big integers (HO
)
))
\Fld@menulength=\count355
\Field@Width=\dimen260
\Fld@charsize=\dimen261
Package hyperref Info: Hyper figures OFF on input line 6091.
Package hyperref Info: Link nesting OFF on input line 6096.
Package hyperref Info: Hyper index ON on input line 6099.
Package hyperref Info: backreferencing OFF on input line 6106.
Package hyperref Info: Link coloring OFF on input line 6111.
Package hyperref Info: Link coloring with OCG OFF on input line 6116.
Package hyperref Info: PDF/A mode OFF on input line 6121.
\Hy@abspage=\count356
\c@Item=\count357
\c@Hfootnote=\count358
)
Package hyperref Info: Driver (autodetected): hpdftex.

(/usr/local/texlive/2026/texmf-dist/tex/latex/hyperref/hpdftex.def
File: hpdftex.def 2026-06-17 v7.01r Hyperref driver for pdfTeX
\Fld@listcount=\count359
\c@bookmark@seq@number=\count360

(/usr/local/texlive/2026/texmf-dist/tex/latex/rerunfilecheck/rerunfilecheck.sty
Package: rerunfilecheck 2025-06-21 v1.11 Rerun checks for auxiliary files (HO)

(/usr/local/texlive/2026/texmf-dist/tex/generic/uniquecounter/uniquecounter.sty
Package: uniquecounter 2019/12/15 v1.4 Provide unlimited unique counter (HO)
)
Package uniquecounter Info: New unique counter `rerunfilecheck' on input line 2
84.
)
\Hy@SectionHShift=\skip86
) (./main.aux)
\openout1 = `main.aux'.

LaTeX Font Info:    Checking defaults for OML/cmm/m/it on input line 137.
LaTeX Font Info:    ... okay on input line 137.
LaTeX Font Info:    Checking defaults for OMS/cmsy/m/n on input line 137.
LaTeX Font Info:    ... okay on input line 137.
LaTeX Font Info:    Checking defaults for OT1/cmr/m/n on input line 137.
LaTeX Font Info:    ... okay on input line 137.
LaTeX Font Info:    Checking defaults for T1/cmr/m/n on input line 137.
LaTeX Font Info:    ... okay on input line 137.
LaTeX Font Info:    Checking defaults for TS1/cmr/m/n on input line 137.
LaTeX Font Info:    ... okay on input line 137.
LaTeX Font Info:    Checking defaults for OMX/cmex/m/n on input line 137.
LaTeX Font Info:    ... okay on input line 137.
LaTeX Font Info:    Checking defaults for U/cmr/m/n on input line 137.
LaTeX Font Info:    ... okay on input line 137.
LaTeX Font Info:    Checking defaults for PD1/pdf/m/n on input line 137.
LaTeX Font Info:    ... okay on input line 137.
LaTeX Font Info:    Checking defaults for PU/pdf/m/n on input line 137.
LaTeX Font Info:    ... okay on input line 137.

(/usr/local/texlive/2026/texmf-dist/tex/context/base/mkii/supp-pdf.mkii
[Loading MPS to PDF converter (version 2006.09.02).]
\scratchcounter=\count361
\scratchdimen=\dimen262
\scratchbox=\box73
\nofMPsegments=\count362
\nofMParguments=\count363
\everyMPshowfont=\toks44
\MPscratchCnt=\count364
\MPscratchDim=\dimen263
\MPnumerator=\count365
\makeMPintoPDFobject=\count366
\everyMPtoPDFconversion=\toks45
) (/usr/local/texlive/2026/texmf-dist/tex/latex/epstopdf-pkg/epstopdf-base.sty
Package: epstopdf-base 2020-01-24 v2.11 Base part for package epstopdf
Package epstopdf-base Info: Redefining graphics rule for `.eps' on input line 4
85.

(/usr/local/texlive/2026/texmf-dist/tex/latex/latexconfig/epstopdf-sys.cfg
File: epstopdf-sys.cfg 2010/07/13 v1.3 Configuration of (r)epstopdf for TeX Liv
e
))
Package caption Info: Begin \AtBeginDocument code.
Package caption Info: subfig package v1.3 is loaded.
Package caption Info: End \AtBeginDocument code.
LaTeX Info: Redefining \microtypecontext on input line 137.
Package microtype Info: Applying patch `item' on input line 137.
Package microtype Info: Applying patch `toc' on input line 137.
Package microtype Info: Applying patch `eqnum' on input line 137.
Package microtype Info: Applying patch `footnote' on input line 137.
Package microtype Info: Applying patch `verbatim' on input line 137.
LaTeX Info: Redefining \microtypesetup on input line 137.
Package microtype Info: Generating PDF output.
Package microtype Info: Character protrusion enabled (level 2).
Package microtype Info: Using default protrusion set `alltext'.
Package microtype Info: Automatic font expansion enabled (level 2),
(microtype)             stretch: 20, shrink: 20, step: 1, non-selected.
Package microtype Info: Using default expansion set `alltext-nott'.
Package microtype Info: Patching command `\showhyphens'.
Package microtype Info: No adjustment of tracking.
Package microtype Info: No adjustment of interword spacing.
Package microtype Info: No adjustment of character kerning.

(/usr/local/texlive/2026/texmf-dist/tex/latex/microtype/mt-cmr.cfg
File: mt-cmr.cfg 2013/05/19 v2.2 microtype config. file: Computer Modern Roman 
(RS)
)
\c@lstlisting=\count367
Package hyperref Info: Link coloring OFF on input line 137.
 (./main.out) (./main.out)
\@outlinefile=\write5
\openout5 = `main.out'.

LaTeX Font Info:    Trying to load font information for U+msa on input line 168
.
 (/usr/local/texlive/2026/texmf-dist/tex/latex/amsfonts/umsa.fd
File: umsa.fd 2013/01/14 v3.01 AMS symbols A
)
(/usr/local/texlive/2026/texmf-dist/tex/latex/microtype/mt-msa.cfg
File: mt-msa.cfg 2006/02/04 v1.1 microtype config. file: AMS symbols (a) (RS)
)
LaTeX Font Info:    Trying to load font information for U+msb on input line 168
.

(/usr/local/texlive/2026/texmf-dist/tex/latex/amsfonts/umsb.fd
File: umsb.fd 2013/01/14 v3.01 AMS symbols B
)
(/usr/local/texlive/2026/texmf-dist/tex/latex/microtype/mt-msb.cfg
File: mt-msb.cfg 2005/06/01 v1.0 microtype config. file: AMS symbols (b) (RS)
)
Package microtype Info: Loading generic protrusion settings for font family
(microtype)             `cmtt' (encoding: T1).
(microtype)             For optimal results, create family-specific settings.
(microtype)             See the microtype manual for details.


Package hyperref Warning: Token not allowed in a PDF string (Unicode):
(hyperref)                removing `\<def>-command' on input line 168.


Package hyperref Warning: Token not allowed in a PDF string (Unicode):
(hyperref)                removing `\cnotenum' on input line 168.


Package hyperref Warning: Token not allowed in a PDF string (Unicode):
(hyperref)                removing `\<def>-command' on input line 168.


Package hyperref Warning: Token not allowed in a PDF string (Unicode):
(hyperref)                removing `\@corref' on input line 168.

[1


{/usr/local/texlive/2026/texmf-var/fonts/map/pdftex/updmap/pdftex.map}{/usr/loc
al/texlive/2026/texmf-dist/fonts/enc/dvips/cm-super/cm-super-t1.enc}]
LaTeX Font Info:    Calculating math sizes for size <> on input line 168.


LaTeX Font Warning: Font shape `OT1/cmr/m/n' in size <> not available
(Font)              size <5> substituted on input line 168.


LaTeX Font Warning: Font shape `OT1/cmr/m/n' in size <0.7> not available
(Font)              size <5> substituted on input line 168.


LaTeX Font Warning: Font shape `OT1/cmr/m/n' in size <0.5> not available
(Font)              size <5> substituted on input line 168.


LaTeX Font Warning: Font shape `OML/cmm/m/it' in size <> not available
(Font)              size <5> substituted on input line 168.


LaTeX Font Warning: Font shape `OML/cmm/m/it' in size <0.7> not available
(Font)              size <5> substituted on input line 168.


LaTeX Font Warning: Font shape `OML/cmm/m/it' in size <0.5> not available
(Font)              size <5> substituted on input line 168.


LaTeX Font Warning: Font shape `OMS/cmsy/m/n' in size <> not available
(Font)              size <5> substituted on input line 168.


LaTeX Font Warning: Font shape `OMS/cmsy/m/n' in size <0.7> not available
(Font)              size <5> substituted on input line 168.


LaTeX Font Warning: Font shape `OMS/cmsy/m/n' in size <0.5> not available
(Font)              size <5> substituted on input line 168.

[2] [3]
Overfull \hbox (28.57393pt too wide) in paragraph at lines 262--269
\T1/cmr/m/n/12 (-20) wrap-ping con-struc-tion, im-ple-mented with WebCrypto-sup
ported ECDH/KDF/AES-
 []

[4{/usr/local/texlive/2026/texmf-dist/fonts/enc/dvips/cm-super/cm-super-ts1.enc
}]
Overfull \hbox (36.70184pt too wide) in paragraph at lines 345--354
\T1/cmr/m/n/12 (-20) and out-age be-hav-ior. At the canon-i-cal \T1/cmtt/m/n/12
 BatchTimeout=2s \T1/cmr/m/n/12 (-20) and \T1/cmtt/m/n/12 MaxMessageCount=500\T
1/cmr/m/n/12 (-20) ,
 []

[5]
<figures/Hierarchy.pdf, id=421, 210.7875pt x 117.3183pt>
File: figures/Hierarchy.pdf Graphic file (type pdf)
<use figures/Hierarchy.pdf>
Package pdftex.def Info: figures/Hierarchy.pdf  used on input line 378.
(pdftex.def)             Requested size: 390.0pt x 217.06767pt.
 [6 <./figures/Hierarchy.pdf>] [7] [8] [9] [10] [11] [12] [13] [14] [15]
[16] [17]
<figures/user_registration_flow.pdf, id=691, 952.51855pt x 367.3725pt>
File: figures/user_registration_flow.pdf Graphic file (type pdf)
<use figures/user_registration_flow.pdf>
Package pdftex.def Info: figures/user_registration_flow.pdf  used on input line
 972.
(pdftex.def)             Requested size: 389.99736pt x 150.41628pt.

Overfull \hbox (67.24236pt too wide) in paragraph at lines 980--985
\T1/cmr/m/n/12 (-20) AES-256-GCM doc-u-ment key $\OML/cmm/m/it/12 k[]$ \T1/cmr/
m/n/12 (-20) and a 96-bit IV us-ing \T1/cmtt/m/n/12 window.crypto.getRandomValu
es\T1/cmr/m/n/12 (-20) .
 []

[18]
<figures/document_upload_flow.pdf, id=704, 2133.9725pt x 1850.36754pt>
File: figures/document_upload_flow.pdf Graphic file (type pdf)
<use figures/document_upload_flow.pdf>
Package pdftex.def Info: figures/document_upload_flow.pdf  used on input line 1
011.
(pdftex.def)             Requested size: 215.0704pt x 186.48753pt.
 [19 <./figures/user_registration_flow.pdf>]
<figures/access_control_flow.pdf, id=745, 1802.735pt x 1033.31505pt>
File: figures/access_control_flow.pdf Graphic file (type pdf)
<use figures/access_control_flow.pdf>
Package pdftex.def Info: figures/access_control_flow.pdf  used on input line 10
39.
(pdftex.def)             Requested size: 280.79642pt x 160.95053pt.
<figures/document_retrieval_flow.pdf, id=746, 616.22218pt x 324.25137pt>
File: figures/document_retrieval_flow.pdf Graphic file (type pdf)
<use figures/document_retrieval_flow.pdf>
Package pdftex.def Info: figures/document_retrieval_flow.pdf  used on input lin
e 1048.
(pdftex.def)             Requested size: 280.79524pt x 147.7523pt.
<figures/audit_trail_flow.pdf, id=749, 884.34387pt x 323.28778pt>
File: figures/audit_trail_flow.pdf Graphic file (type pdf)
<use figures/audit_trail_flow.pdf>
Package pdftex.def Info: figures/audit_trail_flow.pdf  used on input line 1071.

(pdftex.def)             Requested size: 288.60931pt x 105.50632pt.
<figures/integrity_check_flow.pdf, id=750, 1385.175pt x 984.67876pt>
File: figures/integrity_check_flow.pdf Graphic file (type pdf)
<use figures/integrity_check_flow.pdf>
Package pdftex.def Info: figures/integrity_check_flow.pdf  used on input line 1
081.
(pdftex.def)             Requested size: 390.0pt x 277.2407pt.
 [20 <./figures/document_upload_flow.pdf>] [21 <./figures/access_control_flow.p
df> <./figures/document_retrieval_flow.pdf>] [22 <./figures/audit_trail_flow.pd
f> <./figures/integrity_check_flow.pdf>]
Overfull \hbox (6.10643pt too wide) in paragraph at lines 1133--1133
[]|$\OML/cmm/m/it/12 sk[];  pk[]$| 
 []


Overfull \hbox (1.94984pt too wide) in paragraph at lines 1133--1133
[]|$\OML/cmm/m/it/12 sk[];  pk[]$| 
 []

[23] [24]
Package hyperref Info: bookmark level for unknown algorithm defaults to 0 on in
put line 1191.

Underfull \hbox (badness 10000) in paragraph at lines 1222--1225
[] []$\OML/cmm/m/it/10.95 ^^\ \OMS/cmsy/m/n/10.95   []\OT1/cmr/m/n/10.95 (+20) 
(\OMS/cmsy/m/n/10.95 h\OML/cmm/m/it/10.95 M[];  ^^[;  U\OMS/cmsy/m/n/10.95 i\OT
1/cmr/m/n/10.95 (+20) )$ \T1/cmr/m/n/10.95 (+20) {CID in tx; sig cov-ers
 []

[25]
Overfull \hbox (17.07124pt too wide) in paragraph at lines 1256--1261
\T1/cmr/m/n/12 (-20) ports it as a non-extractable sign-ing key, and calls \T1/
cmtt/m/n/12 window.crypto.subtle.sign(
 []


Overfull \hbox (23.2194pt too wide) in paragraph at lines 1256--1261
\T1/cmtt/m/n/12 {name:'ECDSA',hash:{name:'SHA-256'}})\T1/cmr/m/n/12 (-20) . In 
the pro-to-type, the []
 []

[26]
Overfull \hbox (1.15056pt too wide) in paragraph at lines 1307--1313
\T1/cmtt/m/n/12 GrantAccess\T1/cmr/m/n/12 (-20) ; it is 51.2% smaller than the 
256-byte RSA-OAEP 2048 wrapped-
 []

[27]
<figures/key_gen_and_storage.pdf, id=2992, 1882.03125pt x 1421.31pt>
File: figures/key_gen_and_storage.pdf Graphic file (type pdf)
<use figures/key_gen_and_storage.pdf>
Package pdftex.def Info: figures/key_gen_and_storage.pdf  used on input line 13
44.
(pdftex.def)             Requested size: 390.0pt x 294.5151pt.
<figures/document_encryption.pdf, id=2993, 2429.075pt x 2469.225pt>
File: figures/document_encryption.pdf Graphic file (type pdf)
<use figures/document_encryption.pdf>
Package pdftex.def Info: figures/document_encryption.pdf  used on input line 13
51.
(pdftex.def)             Requested size: 390.0pt x 396.44046pt.
<figures/access_grant.pdf, id=2994, 2543.5025pt x 1927.2pt>
File: figures/access_grant.pdf Graphic file (type pdf)
<use figures/access_grant.pdf>
Package pdftex.def Info: figures/access_grant.pdf  used on input line 1358.
(pdftex.def)             Requested size: 390.0pt x 295.47818pt.
<figures/access_and_decryption.pdf, id=2995, 2304.61pt x 3023.84245pt>
File: figures/access_and_decryption.pdf Graphic file (type pdf)
<use figures/access_and_decryption.pdf>
Package pdftex.def Info: figures/access_and_decryption.pdf  used on input line 
1365.
(pdftex.def)             Requested size: 370.49881pt x 486.08554pt.
<figures/key_rotation_and_recovery.pdf, id=2996, 588.27782pt x 427.5975pt>
File: figures/key_rotation_and_recovery.pdf Graphic file (type pdf)
<use figures/key_rotation_and_recovery.pdf>
Package pdftex.def Info: figures/key_rotation_and_recovery.pdf  used on input l
ine 1374.
(pdftex.def)             Requested size: 390.0pt x 283.48752pt.
 [28 <./figures/key_gen_and_storage.pdf>] [29 <./figures/document_encryption.pd
f>] (/usr/local/texlive/2026/texmf-dist/tex/latex/listings/lstlang1.sty
File: lstlang1.sty 2025/11/14 1.11b listings language file
)
(/usr/local/texlive/2026/texmf-dist/tex/latex/listings/lstlang2.sty
File: lstlang2.sty 2025/11/14 1.11b listings language file
)
(/usr/local/texlive/2026/texmf-dist/tex/latex/listings/lstlang3.sty
File: lstlang3.sty 2025/11/14 1.11b listings language file
)
Package hyperref Info: bookmark level for unknown lstlisting defaults to 0 on i
nput line 1411.
 [30 <./figures/access_grant.pdf>]
LaTeX Font Info:    Font shape `T1/cmtt/bx/n' in size <8> not available
(Font)              Font shape `T1/cmtt/m/n' tried instead on input line 1413.

Overfull \hbox (5.13164pt too wide) in paragraph at lines 1466--1480
\T1/cmr/m/n/12 (-20) outage-tested. The ser-vice im-me-di-ately logs a \T1/cmtt
/m/n/12 FABRIC_OUTAGE_ACCESS_DENIED
 []


Overfull \hbox (44.24088pt too wide) in paragraph at lines 1466--1480
\T1/cmr/m/n/12 (-20) au-dit event con-tain-ing the fail-ure rea-son and throws 
a \T1/cmtt/m/n/12 ServiceUnavailableException\T1/cmr/m/n/12 (-20) ,
 []

[31]
<figures/rbac_acl_pipeline.pdf, id=4847, 2962.06625pt x 1777.91534pt>
File: figures/rbac_acl_pipeline.pdf Graphic file (type pdf)
<use figures/rbac_acl_pipeline.pdf>
Package pdftex.def Info: figures/rbac_acl_pipeline.pdf  used on input line 1491
.
(pdftex.def)             Requested size: 319.80286pt x 191.93604pt.
LaTeX Font Info:    Font shape `T1/cmtt/bx/n' in size <12> not available
(Font)              Font shape `T1/cmtt/m/n' tried instead on input line 1532.
 [32] [33] [34]
Underfull \hbox (badness 10000) in paragraph at lines 1787--1787
[]|\T1/cmr/bx/n/8 (+20) Property
 []


Underfull \hbox (badness 10000) in paragraph at lines 1787--1787
[]|\T1/cmr/bx/n/8 (+20) Property
 []


Underfull \hbox (badness 10000) in paragraph at lines 1787--1787
[]|\T1/cmr/m/n/8 (+20) Honest-but-
 []


Underfull \hbox (badness 6094) in paragraph at lines 1787--1787
[]|\T1/cmr/m/n/8 (+20) Can ob-serve all
 []


Underfull \hbox (badness 10000) in paragraph at lines 1787--1787
\T1/cmr/m/n/8 (+20) trans-ac-tions on
 []


Underfull \hbox (badness 10000) in paragraph at lines 1787--1787
\T1/cmr/m/n/8 (+20) joined chan-nels;
 []


Underfull \hbox (badness 10000) in paragraph at lines 1787--1787
\T1/cmr/m/n/8 (+20) can read world
 []


Underfull \hbox (badness 10000) in paragraph at lines 1787--1787
[]|\T1/cmr/m/n/8 (+20) Confidentiality
 []


Underfull \hbox (badness 10000) in paragraph at lines 1787--1787
\T1/cmr/m/n/8 (+20) of doc-u-ment
 []


Underfull \hbox (badness 10000) in paragraph at lines 1787--1787
\T1/cmr/m/n/8 (+20) con-tent and
 []


Underfull \hbox (badness 1005) in paragraph at lines 1787--1787
\T1/cmr/m/n/8 (+20) ci-pher-text in pri-
 []


Underfull \hbox (badness 10000) in paragraph at lines 1787--1787
\T1/cmr/m/n/8 (+20) only on-chain;
 []


Underfull \hbox (badness 10000) in paragraph at lines 1787--1787
\T1/cmr/m/n/8 (+20) still see CIDs,
 []


Underfull \hbox (badness 1867) in paragraph at lines 1787--1787
\T1/cmr/m/n/8 (+20) leak-ing fre-quency
 []


Underfull \hbox (badness 2460) in paragraph at lines 1787--1787
\T1/cmr/m/n/8 (+20) pat-terns and en-
 []


Underfull \hbox (badness 5388) in paragraph at lines 1787--1787
\T1/cmr/m/n/8 (+20) abling candidate-
 []


Underfull \hbox (badness 10000) in paragraph at lines 1787--1787
\T1/cmr/m/n/8 (+20) document con-
 []


Underfull \hbox (badness 10000) in paragraph at lines 1787--1787
\T1/cmr/m/n/8 (+20) fir-ma-tion via
 []


Underfull \hbox (badness 10000) in paragraph at lines 1787--1787
\T1/cmr/m/n/8 (+20) lo-cal \T1/cmtt/m/n/8 SHA-256\T1/cmr/m/n/8 (+20) .
 []


Underfull \hbox (badness 10000) in paragraph at lines 1787--1787
\T1/cmr/m/n/8 (+20) The pro-to-type
 []


Underfull \hbox (badness 2042) in paragraph at lines 1787--1787
\T1/cmr/m/n/8 (+20) level mem-ber-ship
 []


Underfull \hbox (badness 10000) in paragraph at lines 1787--1787
\T1/cmr/m/n/8 (+20) (\T1/cmtt/m/n/8 doc.OwnerOrg
 []


Underfull \hbox (badness 10000) in paragraph at lines 1787--1787
\T1/cmtt/m/n/8 == userOrg\T1/cmr/m/n/8 (+20) ) as
 []


Underfull \hbox (badness 4913) in paragraph at lines 1787--1787
\T1/cmr/m/n/8 (+20) first-pass con-trol;
 []


Underfull \hbox (badness 10000) in paragraph at lines 1787--1787
\T1/cmr/m/n/8 (+20) per-user intra-
 []


Underfull \hbox (badness 2573) in paragraph at lines 1787--1787
\T1/cmr/m/n/8 (+20) and mov-ing $\OMS/cmsy/m/n/8 H[]$
 []


Underfull \hbox (badness 10000) in paragraph at lines 1787--1787
\T1/cmr/m/n/8 (+20) to a PDC or
 []


Underfull \hbox (badness 10000) in paragraph at lines 1787--1787
[][]\OT1/cmr/m/n/8 (+20) (\OML/cmm/m/it/8 D\OT1/cmr/m/n/8 (+20) )$ \T1/cmr/m/n/
8 (+20) re-
 []


Underfull \hbox (badness 10000) in paragraph at lines 1787--1787
\T1/cmr/m/n/8 (+20) main pro-duc-tion
 []


Underfull \hbox (badness 6876) in paragraph at lines 1787--1787
\T1/cmr/m/n/8 (+20) Post-greSQL; can
 []


Underfull \hbox (badness 10000) in paragraph at lines 1787--1787
[]|\T1/cmr/m/n/8 (+20) Integrity of
 []


Underfull \hbox (badness 4621) in paragraph at lines 1787--1787
\T1/cmr/m/n/8 (+20) ac-cess con-trol
 []


Underfull \hbox (badness 10000) in paragraph at lines 1787--1787
\T1/cmr/m/n/8 (+20) records and
 []


Underfull \hbox (badness 10000) in paragraph at lines 1787--1787
[]|\T1/cmr/m/n/8 (+20) Under nor-mal
 []


Underfull \hbox (badness 3019) in paragraph at lines 1787--1787
\T1/cmr/m/n/8 (+20) op-er-a-tion, ac-cess
 []


Underfull \hbox (badness 5288) in paragraph at lines 1787--1787
\T1/cmr/m/n/8 (+20) con-trol is eval-u-
 []


Underfull \hbox (badness 10000) in paragraph at lines 1787--1787
\T1/cmr/m/n/8 (+20) ity, the sys-tem
 []


Underfull \hbox (badness 4531) in paragraph at lines 1787--1787
\T1/cmr/m/n/8 (+20) ing HTTP 503).
 []


Underfull \hbox (badness 10000) in paragraph at lines 1787--1787
\T1/cmr/m/n/8 (+20) The \T1/cmtt/m/n/8 audit_log
 []


Underfull \hbox (badness 10000) in paragraph at lines 1787--1787
\T1/cmr/m/n/8 (+20) row-level and
 []


Underfull \hbox (badness 10000) in paragraph at lines 1787--1787
\T1/cmr/m/n/8 (+20) statement-level
 []


Underfull \hbox (badness 10000) in paragraph at lines 1787--1787
\T1/cmr/m/n/8 (+20) trig-gers block
 []


Underfull \hbox (badness 10000) in paragraph at lines 1787--1787
\T1/cmr/m/n/8 (+20) ac-ci-den-tal or
 []


Underfull \hbox (badness 10000) in paragraph at lines 1787--1787
\T1/cmr/m/n/8 (+20) application-layer
 []


Underfull \hbox (badness 6236) in paragraph at lines 1787--1787
\T1/cmr/m/n/8 (+20) mod-i-fi-ca-tion and
 []


Underfull \hbox (badness 10000) in paragraph at lines 1787--1787
\T1/cmr/m/n/8 (+20) TRUN-CATE at-
 []


Underfull \hbox (badness 10000) in paragraph at lines 1787--1787
[]|\T1/cmr/m/n/8 (+20) Triggers pro-vide
 []


Underfull \hbox (badness 10000) in paragraph at lines 1787--1787
\T1/cmr/m/n/8 (+20) op-er-a-tional in-
 []


Underfull \hbox (badness 1910) in paragraph at lines 1787--1787
\T1/cmr/m/n/8 (+20) tegrity only, not
 []


Underfull \hbox (badness 10000) in paragraph at lines 1787--1787
\T1/cmr/m/n/8 (+20) cryp-to-graphic
 []


Underfull \hbox (badness 10000) in paragraph at lines 1787--1787
\T1/cmr/m/n/8 (+20) pro-tec-tion from
 []


Underfull \hbox (badness 10000) in paragraph at lines 1787--1787
\T1/cmr/m/n/8 (+20) a Post-greSQL
 []


Underfull \hbox (badness 2401) in paragraph at lines 1787--1787
\T1/cmr/m/n/8 (+20) su-pe-ruser. The
 []


Underfull \hbox (badness 2326) in paragraph at lines 1787--1787
\T1/cmr/m/n/8 (+20) ric out-ages deny
 []


Underfull \hbox (badness 10000) in paragraph at lines 1787--1787
\T1/cmr/m/n/8 (+20) ac-cess; how-ever,
 []


Underfull \hbox (badness 10000) in paragraph at lines 1787--1787
\T1/cmr/m/n/8 (+20) can make later
 []


Underfull \hbox (badness 4060) in paragraph at lines 1787--1787
\T1/cmr/m/n/8 (+20) while the ledger
 []


Underfull \hbox (badness 10000) in paragraph at lines 1787--1787
\T1/cmr/m/n/8 (+20) Null firm/MSP
 []


Underfull \hbox (badness 10000) in paragraph at lines 1787--1787
\T1/cmr/m/n/8 (+20) now raises
 []


Overfull \hbox (19.64957pt too wide) in paragraph at lines 1787--1787
\T1/cmtt/m/n/8 AccessDeniedException
 []


Underfull \hbox (badness 10000) in paragraph at lines 1787--1787
\T1/cmr/m/n/8 (+20) be-fore the Fab-
 []


Underfull \hbox (badness 3803) in paragraph at lines 1787--1787
\T1/cmr/m/n/8 (+20) ric gate-way; no
 []


Underfull \hbox (badness 10000) in paragraph at lines 1787--1787
\T1/cmr/m/n/8 (+20) de-fault or-ga-ni-za-
 []


Underfull \hbox (badness 5954) in paragraph at lines 1787--1787
\T1/cmr/m/n/8 (+20) tion is as-sumed
 []


Underfull \hbox (badness 10000) in paragraph at lines 1787--1787
[]|\T1/cmr/m/n/8 (+20) Controls the
 []


Underfull \hbox (badness 2799) in paragraph at lines 1787--1787
\T1/cmr/m/n/8 (+20) Spring Boot ser-
 []


Underfull \hbox (badness 10000) in paragraph at lines 1787--1787
\T1/cmr/m/n/8 (+20) vice, API-layer
 []


Underfull \hbox (badness 10000) in paragraph at lines 1787--1787
\T1/cmr/m/n/8 (+20) REST gate-way,
 []


Underfull \hbox (badness 10000) in paragraph at lines 1787--1787
\T1/cmr/m/n/8 (+20) and op-er-a-tional
 []


Underfull \hbox (badness 10000) in paragraph at lines 1787--1787
\T1/cmr/m/n/8 (+20) database ac-cess;
 []


Underfull \hbox (badness 4084) in paragraph at lines 1787--1787
\T1/cmr/m/n/8 (+20) may at-tempt to
 []


Underfull \hbox (badness 10000) in paragraph at lines 1787--1787
\T1/cmr/m/n/8 (+20) by-pass chain-
 []


Underfull \hbox (badness 10000) in paragraph at lines 1787--1787
\T1/cmr/m/n/8 (+20) code, mis-use
 []


Underfull \hbox (badness 10000) in paragraph at lines 1787--1787
\T1/cmr/m/n/8 (+20) server-managed
 []


Underfull \hbox (badness 2961) in paragraph at lines 1787--1787
\T1/cmr/m/n/8 (+20) Fab-ric MSP cre-
 []


Underfull \hbox (badness 10000) in paragraph at lines 1787--1787
\T1/cmr/m/n/8 (+20) den-tials, serve
 []


Underfull \hbox (badness 2165) in paragraph at lines 1787--1787
\T1/cmr/m/n/8 (+20) JavaScript to in-
 []


Underfull \hbox (badness 1490) in paragraph at lines 1787--1787
\T1/cmr/m/n/8 (+20) op-er-a-tions, cache
 []


Underfull \hbox (badness 1917) in paragraph at lines 1787--1787
\T1/cmr/m/n/8 (+20) or for-ward IPFS
 []


Underfull \hbox (badness 10000) in paragraph at lines 1787--1787
\T1/cmr/m/n/8 (+20) ci-pher-text af-ter
 []


Underfull \hbox (badness 10000) in paragraph at lines 1787--1787
\T1/cmr/m/n/8 (+20) or abuse MSP
 []


Underfull \hbox (badness 6032) in paragraph at lines 1787--1787
\T1/cmr/m/n/8 (+20) iden-tity bind-ings
 []


Underfull \hbox (badness 10000) in paragraph at lines 1787--1787
\T1/cmr/m/n/8 (+20) be-fore ledger
 []


Underfull \hbox (badness 10000) in paragraph at lines 1787--1787
[]|\T1/cmr/m/n/8 (+20) Authorization
 []


Underfull \hbox (badness 10000) in paragraph at lines 1787--1787
\T1/cmr/m/n/8 (+20) in-tegrity,
 []


Underfull \hbox (badness 10000) in paragraph at lines 1787--1787
\T1/cmr/m/n/8 (+20) trans-ac-tion
 []


Underfull \hbox (badness 10000) in paragraph at lines 1787--1787
\T1/cmr/m/n/8 (+20) at-tri-bu-tion,
 []


Underfull \hbox (badness 10000) in paragraph at lines 1787--1787
\T1/cmr/m/n/8 (+20) con-fi-den-tial-ity
 []


Underfull \hbox (badness 10000) in paragraph at lines 1787--1787
\T1/cmr/m/n/8 (+20) in pro-to-type
 []


Underfull \hbox (badness 10000) in paragraph at lines 1787--1787
\T1/cmr/m/n/8 (+20) plaintext-
 []


Underfull \hbox (badness 10000) in paragraph at lines 1787--1787
\T1/cmr/m/n/8 (+20) against ledger-
 []


Underfull \hbox (badness 10000) in paragraph at lines 1787--1787
\T1/cmr/m/n/8 (+20) be-fore pro-tected
 []


Underfull \hbox (badness 10000) in paragraph at lines 1787--1787
\T1/cmr/m/n/8 (+20) ma-te-rial is re-
 []


Underfull \hbox (badness 3884) in paragraph at lines 1787--1787
\T1/cmr/m/n/8 (+20) turned. Fab-ric
 []


Underfull \hbox (badness 10000) in paragraph at lines 1787--1787
\T1/cmr/m/n/8 (+20) pro-vides an
 []


Underfull \hbox (badness 1681) in paragraph at lines 1787--1787
\T1/cmr/m/n/8 (+20) i-fi-able record for
 []


Underfull \hbox (badness 10000) in paragraph at lines 1787--1787
\T1/cmr/m/n/8 (+20) ledger-mediated
 []


Underfull \hbox (badness 10000) in paragraph at lines 1787--1787
\T1/cmr/m/n/8 (+20) grants, re-vo-ca-
 []


Underfull \hbox (badness 2617) in paragraph at lines 1787--1787
\T1/cmr/m/n/8 (+20) tions, and au-dit
 []


Overfull \hbox (46.4879pt too wide) in paragraph at lines 1787--1787
\T1/cmtt/m/n/8 FABRIC_OUTAGE_ACCESS_DENIED\T1/cmr/m/n/8 (-20) ;
 []


Underfull \hbox (badness 10000) in paragraph at lines 1787--1787
\T1/cmr/m/n/8 (+20) user-level doc-u-
 []


Underfull \hbox (badness 10000) in paragraph at lines 1787--1787
\T1/cmr/m/n/8 (+20) ment sig-na-tures
 []


Underfull \hbox (badness 2486) in paragraph at lines 1787--1787
\T1/cmr/m/n/8 (+20) bind the sign-ing
 []


Underfull \hbox (badness 5771) in paragraph at lines 1787--1787
[]|\T1/cmr/m/n/8 (+20) A fully com-pro-
 []


Underfull \hbox (badness 2591) in paragraph at lines 1787--1787
\T1/cmr/m/n/8 (+20) mised API op-er-
 []


Underfull \hbox (badness 4582) in paragraph at lines 1787--1787
\T1/cmr/m/n/8 (+20) a-tor can by-pass
 []


Underfull \hbox (badness 7888) in paragraph at lines 1787--1787
\T1/cmr/m/n/8 (+20) ap-pli-ca-tion logic,
 []


Underfull \hbox (badness 10000) in paragraph at lines 1787--1787
\T1/cmr/m/n/8 (+20) mis-use cus-to-dial
 []


Underfull \hbox (badness 10000) in paragraph at lines 1787--1787
\T1/cmr/m/n/8 (+20) MSP cre-den-tials,
 []


Underfull \hbox (badness 10000) in paragraph at lines 1787--1787
\T1/cmr/m/n/8 (+20) ex-pose plain-text
 []


Underfull \hbox (badness 10000) in paragraph at lines 1787--1787
\T1/cmr/m/n/8 (+20) via ma-li-cious
 []


Underfull \hbox (badness 5622) in paragraph at lines 1787--1787
\T1/cmr/m/n/8 (+20) fron-tend de-liv-ery
 []


Underfull \hbox (badness 10000) in paragraph at lines 1787--1787
\T1/cmr/m/n/8 (+20) be-fore browser
 []


Underfull \hbox (badness 10000) in paragraph at lines 1787--1787
\T1/cmr/m/n/8 (+20) off-chain ac-cess
 []


Underfull \hbox (badness 10000) in paragraph at lines 1787--1787
\T1/cmr/m/n/8 (+20) paths, or sub-
 []


Underfull \hbox (badness 10000) in paragraph at lines 1787--1787
\T1/cmr/m/n/8 (+20) sti-tute re-cip-i-ent
 []


Underfull \hbox (badness 6708) in paragraph at lines 1787--1787
\T1/cmr/m/n/8 (+20) cre-ation. Fab-
 []


Underfull \hbox (badness 10000) in paragraph at lines 1787--1787
\T1/cmr/m/n/8 (+20) ric still makes
 []


Underfull \hbox (badness 10000) in paragraph at lines 1787--1787
\T1/cmr/m/n/8 (+20) ledger-mediated
 []


Underfull \hbox (badness 10000) in paragraph at lines 1787--1787
\T1/cmr/m/n/8 (+20) re-quires browser-
 []


Underfull \hbox (badness 10000) in paragraph at lines 1787--1787
\T1/cmr/m/n/8 (+20) only en-cryp-tion,
 []


Underfull \hbox (badness 10000) in paragraph at lines 1787--1787
\T1/cmr/m/n/8 (+20) per-user Fab-ric
 []


Underfull \hbox (badness 3049) in paragraph at lines 1787--1787
\T1/cmr/m/n/8 (+20) iden-ti-ties, ledger-
 []


Underfull \hbox (badness 10000) in paragraph at lines 1787--1787
\T1/cmr/m/n/8 (+20) anchored pub-lic
 []


Underfull \hbox (badness 4779) in paragraph at lines 1787--1787
\T1/cmr/m/n/8 (+20) keys, and strict
 []


Underfull \hbox (badness 10000) in paragraph at lines 1787--1787
[]|\T1/cmr/m/n/8 (+20) Compromised
 []


Underfull \hbox (badness 1688) in paragraph at lines 1787--1787
\T1/cmr/m/n/8 (+20) browser / XSS
 []


Underfull \hbox (badness 10000) in paragraph at lines 1787--1787
\T1/cmr/m/n/8 (+20) user's browser
 []


Underfull \hbox (badness 3884) in paragraph at lines 1787--1787
\T1/cmr/m/n/8 (+20) ses-sion; can ob-
 []


Underfull \hbox (badness 10000) in paragraph at lines 1787--1787
\T1/cmr/m/n/8 (+20) serve pass-words
 []


Underfull \hbox (badness 1259) in paragraph at lines 1787--1787
\T1/cmr/m/n/8 (+20) or de-crypted pri-
 []


Underfull \hbox (badness 1859) in paragraph at lines 1787--1787
\T1/cmr/m/n/8 (+20) vate keys dur-ing
 []


Underfull \hbox (badness 10000) in paragraph at lines 1787--1787
\T1/cmr/m/n/8 (+20) un-lock/use; can
 []


Underfull \hbox (badness 10000) in paragraph at lines 1787--1787
\T1/cmr/m/n/8 (+20) ini-ti-ate ac-tions
 []


Underfull \hbox (badness 4036) in paragraph at lines 1787--1787
\T1/cmr/m/n/8 (+20) as the logged-in
 []


Underfull \hbox (badness 1152) in paragraph at lines 1787--1787
\T1/cmr/m/n/8 (+20) be-fore en-cryp-tion
 []


Underfull \hbox (badness 10000) in paragraph at lines 1787--1787
\T1/cmr/m/n/8 (+20) con-fi-den-tial-
 []


Underfull \hbox (badness 2837) in paragraph at lines 1787--1787
\T1/cmr/m/n/8 (+20) ity, doc-u-ment
 []


Underfull \hbox (badness 10000) in paragraph at lines 1787--1787
\T1/cmr/m/n/8 (+20) con-fi-den-tial-ity
 []


Underfull \hbox (badness 10000) in paragraph at lines 1787--1787
\T1/cmr/m/n/8 (+20) be-fore en-
 []


Underfull \hbox (badness 4181) in paragraph at lines 1787--1787
\T1/cmr/m/n/8 (+20) cryp-tion, and
 []


Underfull \hbox (badness 10000) in paragraph at lines 1787--1787
\T1/cmr/m/n/8 (+20) user-initiated
 []


Underfull \hbox (badness 10000) in paragraph at lines 1787--1787
[]|\T1/cmr/m/n/8 (+20) Private keys
 []


Underfull \hbox (badness 10000) in paragraph at lines 1787--1787
\T1/cmr/m/n/8 (+20) are stored en-
 []


Underfull \hbox (badness 10000) in paragraph at lines 1787--1787
\T1/cmtt/m/n/8 localStorage
 []


Underfull \hbox (badness 10000) in paragraph at lines 1787--1787
\T1/cmr/m/n/8 (+20) wrap-ping key;
 []


Underfull \hbox (badness 10000) in paragraph at lines 1787--1787
\T1/cmr/m/n/8 (+20) in the browser;
 []


Underfull \hbox (badness 10000) in paragraph at lines 1787--1787
\T1/cmr/m/n/8 (+20) server-side au-dit
 []


Underfull \hbox (badness 10000) in paragraph at lines 1787--1787
\T1/cmr/m/n/8 (+20) logs make sub-
 []


Underfull \hbox (badness 10000) in paragraph at lines 1787--1787
\T1/cmr/m/n/8 (+20) mit-ted ac-tions
 []


Underfull \hbox (badness 10000) in paragraph at lines 1787--1787
[]|\T1/cmr/m/n/8 (+20) Encrypted
 []


Underfull \hbox (badness 10000) in paragraph at lines 1787--1787
\T1/cmtt/m/n/8 localStorage
 []


Underfull \hbox (badness 10000) in paragraph at lines 1787--1787
\T1/cmr/m/n/8 (+20) re-sists pas-sive
 []


Underfull \hbox (badness 10000) in paragraph at lines 1787--1787
\T1/cmr/m/n/8 (+20) ac-tive browser
 []


Underfull \hbox (badness 10000) in paragraph at lines 1787--1787
\T1/cmr/m/n/8 (+20) tend code can
 []


Underfull \hbox (badness 2707) in paragraph at lines 1787--1787
\T1/cmr/m/n/8 (+20) dur-ing use; pro-
 []


Underfull \hbox (badness 10000) in paragraph at lines 1787--1787
\T1/cmr/m/n/8 (+20) duc-tion re-quires
 []


Underfull \hbox (badness 2005) in paragraph at lines 1787--1787
\T1/cmr/m/n/8 (+20) con-trols, We-bAu-
 []


Underfull \hbox (badness 10000) in paragraph at lines 1787--1787
\T1/cmr/m/n/8 (+20) thn/FIDO2 or
 []


Underfull \hbox (badness 10000) in paragraph at lines 1787--1787
\T1/cmr/m/n/8 (+20) and hard-ened
 []


Underfull \hbox (badness 10000) in paragraph at lines 1787--1787
[]|\T1/cmr/m/n/8 (+20) Compromised
 []


Underfull \hbox (badness 10000) in paragraph at lines 1787--1787
[]|\T1/cmr/m/n/8 (+20) Document
 []


Underfull \hbox (badness 10000) in paragraph at lines 1787--1787
\T1/cmr/m/n/8 (+20) in-tegrity and
 []


Underfull \hbox (badness 10000) in paragraph at lines 1787--1787
\T1/cmr/m/n/8 (+20) plain-text stored
 []


Underfull \hbox (badness 5741) in paragraph at lines 1787--1787
\T1/cmr/m/n/8 (+20) on-chain at reg-
 []


Underfull \hbox (badness 10000) in paragraph at lines 1787--1787
\T1/cmr/m/n/8 (+20) is-tra-tion; any
 []


Underfull \hbox (badness 7832) in paragraph at lines 1787--1787
\T1/cmr/m/n/8 (+20) tam-pered ci-pher-
 []


Underfull \hbox (badness 5345) in paragraph at lines 1787--1787
\T1/cmr/m/n/8 (+20) text pro-duces a
 []


Underfull \hbox (badness 10000) in paragraph at lines 1787--1787
\T1/cmr/m/n/8 (+20) hash mis-match
 []


Underfull \hbox (badness 10000) in paragraph at lines 1787--1787
\T1/cmr/m/n/8 (+20) au-tho-rized client
 []


Underfull \hbox (badness 10000) in paragraph at lines 1787--1787
\T1/cmr/m/n/8 (+20) de-sign uses a
 []


Underfull \hbox (badness 6995) in paragraph at lines 1787--1787
\T1/cmr/m/n/8 (+20) pri-vate two-node
 []


Underfull \hbox (badness 10000) in paragraph at lines 1787--1787
\T1/cmr/m/n/8 (+20) swarm/cross-
 []


Underfull \hbox (badness 10000) in paragraph at lines 1787--1787
[]|\T1/cmr/m/n/8 (+20) Availability still
 []


Underfull \hbox (badness 4967) in paragraph at lines 1787--1787
\T1/cmr/m/n/8 (+20) de-pends on pin-
 []


Underfull \hbox (badness 5431) in paragraph at lines 1787--1787
\T1/cmr/m/n/8 (+20) ning pol-icy and
 []


Underfull \hbox (badness 1184) in paragraph at lines 1787--1787
\T1/cmr/m/n/8 (+20) node health. If
 []


Underfull \hbox (badness 5274) in paragraph at lines 1787--1787
\T1/cmr/m/n/8 (+20) are com-pro-mised
 []


Underfull \hbox (badness 10000) in paragraph at lines 1787--1787
\T1/cmr/m/n/8 (+20) or un-avail-able,
 []


Underfull \hbox (badness 5787) in paragraph at lines 1787--1787
\T1/cmr/m/n/8 (+20) con-tent may be
 []


Underfull \hbox (badness 4819) in paragraph at lines 1787--1787
\T1/cmr/m/n/8 (+20) un-avail-able; pro-
 []


Underfull \hbox (badness 10000) in paragraph at lines 1787--1787
\T1/cmr/m/n/8 (+20) duc-tion re-quires
 []


Underfull \hbox (badness 1242) in paragraph at lines 1787--1787
[]|\T1/cmr/m/n/8 (+20) A sin-gle com-pro-
 []


Underfull \hbox (badness 10000) in paragraph at lines 1787--1787
\T1/cmr/m/n/8 (+20) mised or-derer
 []


Underfull \hbox (badness 10000) in paragraph at lines 1787--1787
\T1/cmr/m/n/8 (+20) can ob-serve all
 []


Underfull \hbox (badness 10000) in paragraph at lines 1787--1787
\T1/cmr/m/n/8 (+20) un-ordered trans-
 []


Underfull \hbox (badness 10000) in paragraph at lines 1787--1787
\T1/cmr/m/n/8 (+20) ac-tions; can-not
 []


Underfull \hbox (badness 10000) in paragraph at lines 1787--1787
\T1/cmr/m/n/8 (+20) uni-lat-er-ally re-
 []


Underfull \hbox (badness 10000) in paragraph at lines 1787--1787
\T1/cmr/m/n/8 (+20) order or cen-sor
 []


Underfull \hbox (badness 10000) in paragraph at lines 1787--1787
\T1/cmr/m/n/8 (+20) sin-gle or-derer
 []


Underfull \hbox (badness 10000) in paragraph at lines 1787--1787
\T1/cmr/m/n/8 (+20) while con-sen-sus
 []


Underfull \hbox (badness 10000) in paragraph at lines 1787--1787
\T1/cmr/m/n/8 (+20) execute-order-
 []


Underfull \hbox (badness 10000) in paragraph at lines 1787--1787
\T1/cmr/m/n/8 (+20) validate pipeline
 []


Underfull \hbox (badness 10000) in paragraph at lines 1787--1787
\T1/cmr/m/n/8 (+20) ev-ery block re-
 []


Underfull \hbox (badness 10000) in paragraph at lines 1787--1787
[]|\T1/cmr/m/n/8 (+20) Two col-lud-ing
 []


Underfull \hbox (badness 10000) in paragraph at lines 1787--1787
\T1/cmr/m/n/8 (+20) or-der-ers (2-of-3)
 []


Underfull \hbox (badness 1242) in paragraph at lines 1787--1787
\T1/cmr/m/n/8 (+20) does not pre-vent
 []


Underfull \hbox (badness 10000) in paragraph at lines 1787--1787
\T1/cmr/m/n/8 (+20) Byzan-tine or-der-
 []


Underfull \hbox (badness 10000) in paragraph at lines 1787--1787
\T1/cmr/m/n/8 (+20) is the pro-duc-
 []


Underfull \hbox (badness 10000) in paragraph at lines 1787--1787
\T1/cmr/m/n/8 (+20) tion path for
 []


Underfull \hbox (badness 4595) in paragraph at lines 1787--1787
[]|\T1/cmr/m/n/8 (+20) On-chain meta-
 []


Underfull \hbox (badness 1424) in paragraph at lines 1787--1787
\T1/cmr/m/n/8 (+20) tive meta-data in
 []


Underfull \hbox (badness 5726) in paragraph at lines 1787--1787
\T1/cmr/m/n/8 (+20) a pri-vate col-lec-
 []


Underfull \hbox (badness 1424) in paragraph at lines 1787--1787
\T1/cmr/m/n/8 (+20) ten to the main
 []


Underfull \hbox (badness 1675) in paragraph at lines 1787--1787
\T1/cmr/m/n/8 (+20) quency and CID
 []


Underfull \hbox (badness 6995) in paragraph at lines 1787--1787
\T1/cmr/m/n/8 (+20) can in-fer which
 []


Underfull \hbox (badness 3769) in paragraph at lines 1787--1787
\T1/cmr/m/n/8 (+20) cessed fre-quently,
 []


Underfull \hbox (badness 2547) in paragraph at lines 1787--1787
\T1/cmr/m/n/8 (+20) ing case ac-tiv-ity
 []


Underfull \hbox (badness 7722) in paragraph at lines 1787--1787
\T1/cmr/m/n/8 (+20) pat-terns with-out
 []


Underfull \hbox (badness 10000) in paragraph at lines 1787--1787
[]|\T1/cmr/m/n/8 (+20) Traffic anal-y-sis
 []


Underfull \hbox (badness 7722) in paragraph at lines 1787--1787
\T1/cmr/m/n/8 (+20) pat-terns with-out
 []


Underfull \hbox (badness 10000) in paragraph at lines 1787--1787
\T1/cmr/m/n/8 (+20) Zero-knowledge
 []


Underfull \hbox (badness 6792) in paragraph at lines 1787--1787
\T1/cmr/m/n/8 (+20) proofs, batch-ing,
 []


Underfull \hbox (badness 5417) in paragraph at lines 1787--1787
\T1/cmr/m/n/8 (+20) cover traf-fic, or
 []


Underfull \hbox (badness 10000) in paragraph at lines 1787--1787
\T1/cmr/m/n/8 (+20) pri-vate ac-cess
 []


Underfull \hbox (badness 10000) in paragraph at lines 1787--1787
\T1/cmr/m/n/8 (+20) pro-to-cols are
 []


Underfull \hbox (badness 10000) in paragraph at lines 1787--1787
\T1/cmr/m/n/8 (+20) fu-ture work to
 []


Underfull \hbox (badness 10000) in paragraph at lines 1787--1787
\T1/cmr/m/n/8 (+20) re-duce leak-age
 []

[35] [36] [37]
Overfull \hbox (17.6207pt too wide) in paragraph at lines 1789--1808
[][] 
 []


Overfull \hbox (6.49997pt too wide) in paragraph at lines 1844--1844
[]|\T1/cmr/m/n/6 (-20) Browser/XSS 
 []

[38] [39] [40] [41] [42] [43] [44] [45]
Underfull \hbox (badness 10000) in paragraph at lines 2248--2248
[]|\T1/cmr/bx/n/10.95 (+20) Proto-
 []


Underfull \hbox (badness 10000) in paragraph at lines 2248--2248
[]|\T1/cmr/bx/n/10.95 (+20) Proto-
 []


Underfull \hbox (badness 10000) in paragraph at lines 2248--2248
[]|\T1/cmr/m/n/10.95 (+20) Browser AES-256-
 []


Underfull \hbox (badness 10000) in paragraph at lines 2248--2248
[]|\T1/cmr/m/n/10.95 (+20) Mechanism im-ple-
 []


Underfull \hbox (badness 2158) in paragraph at lines 2248--2248
\OMS/cmsy/m/n/10.95 H[]$\T1/cmr/m/n/10.95 (+20) , and $\OML/cmm/m/it/10.95 id[]
$\T1/cmr/m/n/10.95 (+20) ; Fab-
 []


Underfull \hbox (badness 10000) in paragraph at lines 2248--2248
\T1/cmr/m/n/10.95 (+20) ric transaction-level
 []


Underfull \hbox (badness 10000) in paragraph at lines 2248--2248
\T1/cmr/m/n/10.95 (+20) non-repudiation re-
 []


Underfull \hbox (badness 10000) in paragraph at lines 2248--2248
[]|\T1/cmr/m/n/10.95 (+20) ECIES-style P-
 []


Underfull \hbox (badness 10000) in paragraph at lines 2248--2248
[]|\T1/cmr/m/n/10.95 (+20) 125-byte to-ken;
 []


Underfull \hbox (badness 7522) in paragraph at lines 2248--2248
\T1/cmr/m/n/10.95 (+20) browser wraps $\OML/cmm/m/it/10.95 k[]$
 []


Underfull \hbox (badness 10000) in paragraph at lines 2248--2248
[]|\T1/cmtt/m/n/10.95 CheckAccess \T1/cmr/m/n/10.95 (+20) eval-
 []


Underfull \hbox (badness 10000) in paragraph at lines 2248--2248
\T1/cmr/m/n/10.95 (+20) u-ated on ev-ery
 []


Underfull \hbox (badness 10000) in paragraph at lines 2248--2248
\T1/cmr/m/n/10.95 (+20) down-load; ser-vice
 []


Underfull \hbox (badness 3919) in paragraph at lines 2248--2248
\T1/cmr/m/n/10.95 (+20) grants (Branches 1--
 []


Underfull \hbox (badness 10000) in paragraph at lines 2248--2248
\T1/cmr/m/n/10.95 (+20) 2), falls back to
 []


Underfull \hbox (badness 10000) in paragraph at lines 2248--2248
\T1/cmtt/m/n/10.95 doc.OwnerOrg ==
 []


Underfull \hbox (badness 10000) in paragraph at lines 2248--2248
\T1/cmtt/m/n/10.95 userOrg \T1/cmr/m/n/10.95 (+20) for owner-
 []


Underfull \hbox (badness 10000) in paragraph at lines 2248--2248
\T1/cmr/m/n/10.95 (+20) organization ac-
 []


Underfull \hbox (badness 10000) in paragraph at lines 2248--2248
\T1/cmr/m/n/10.95 (+20) cess (Branch 3),
 []


Underfull \hbox (badness 10000) in paragraph at lines 2248--2248
\T1/cmr/m/n/10.95 (+20) and eval-u-ates org-
 []


Underfull \hbox (badness 7256) in paragraph at lines 2248--2248
\T1/cmr/m/n/10.95 (+20) prefix grants un-der
 []


Underfull \hbox (badness 10000) in paragraph at lines 2248--2248
\T1/cmtt/m/n/10.95 ACL["ORG:"+org]
 []


Underfull \hbox (badness 10000) in paragraph at lines 2248--2248
\T1/cmr/m/n/10.95 (+20) (Branches 4--5), as
 []


Underfull \hbox (badness 1297) in paragraph at lines 2248--2248
\T1/cmr/m/n/10.95 (+20) organization per-
 []


Underfull \hbox (badness 10000) in paragraph at lines 2248--2248
\T1/cmtt/m/n/10.95 == userOrg \T1/cmr/m/n/10.95 (+20) owner-
 []


Underfull \hbox (badness 1297) in paragraph at lines 2248--2248
\T1/cmr/m/n/10.95 (+20) org fall-back; re-quire
 []


Underfull \hbox (badness 10000) in paragraph at lines 2248--2248
\T1/cmr/m/n/10.95 (+20) ex-plicit per-user
 []


Underfull \hbox (badness 4886) in paragraph at lines 2248--2248
\T1/cmr/m/n/10.95 (+20) grants for all prin-
 []


Underfull \hbox (badness 10000) in paragraph at lines 2248--2248
\T1/cmr/m/n/10.95 (+20) ci-pals, in-clud-ing
 []


Underfull \hbox (badness 10000) in paragraph at lines 2248--2248
\T1/cmr/m/n/10.95 (+20) intra-organization
 []


Underfull \hbox (badness 10000) in paragraph at lines 2248--2248
[]|\T1/cmr/m/n/10.95 (+20) Prototype cur-rently
 []


Underfull \hbox (badness 10000) in paragraph at lines 2248--2248
\T1/cmr/m/n/10.95 (+20) cross-organization
 []


Underfull \hbox (badness 2644) in paragraph at lines 2248--2248
\T1/cmr/m/n/10.95 (+20) ac-cess. Pro-duc-tion
 []


Underfull \hbox (badness 4391) in paragraph at lines 2248--2248
[]|\T1/cmr/m/n/10.95 (+20) On-chain ex-piry en-
 []


Underfull \hbox (badness 4084) in paragraph at lines 2248--2248
\T1/cmr/m/n/10.95 (+20) forced in chain-code;
 []


Underfull \hbox (badness 10000) in paragraph at lines 2248--2248
\T1/cmr/m/n/10.95 (+20) ex-pired grants de-
 []


Underfull \hbox (badness 7649) in paragraph at lines 2248--2248
\T1/cmr/m/n/10.95 (+20) nied by \T1/cmtt/m/n/10.95 ExpiresAt\T1/cmr/m/n/10.95 (
+20) ;
 []


Underfull \hbox (badness 10000) in paragraph at lines 2248--2248
\T1/cmr/m/n/10.95 (+20) ex-piry write-back
 []


Underfull \hbox (badness 10000) in paragraph at lines 2248--2248
\T1/cmr/m/n/10.95 (+20) to pre-vent MVCC
 []


Underfull \hbox (badness 10000) in paragraph at lines 2248--2248
\T1/cmtt/m/n/10.95 CleanExpiredTokens
 []


Underfull \hbox (badness 2012) in paragraph at lines 2248--2248
\T1/cmr/m/n/10.95 (+20) from Raft con-fig-u-ra-
 []


Underfull \hbox (badness 10000) in paragraph at lines 2248--2248
[]|\T1/cmr/m/n/10.95 (+20) 2-node IPFS
 []


Underfull \hbox (badness 1009) in paragraph at lines 2248--2248
\T1/cmr/m/n/10.95 (+20) ning across 2 nodes;
 []


Underfull \hbox (badness 1231) in paragraph at lines 2248--2248
\T1/cmr/m/n/10.95 (+20) pin-ning pol-icy, node
 []


Underfull \hbox (badness 1769) in paragraph at lines 2248--2248
\T1/cmr/m/n/10.95 (+20) health, and net-work
 []


Underfull \hbox (badness 3449) in paragraph at lines 2248--2248
[]|\T1/cmr/m/n/10.95 (+20) Implemented as pri-
 []


Underfull \hbox (badness 2521) in paragraph at lines 2248--2248
\T1/cmr/m/n/10.95 (+20) aged pin-ning rec-om-
 []


Underfull \hbox (badness 1147) in paragraph at lines 2248--2248
\T1/cmr/m/n/10.95 (+20) SLA. Ex-per-i-ment []10[]
 []


Underfull \hbox (badness 10000) in paragraph at lines 2248--2248
[]|\T1/cmr/m/n/10.95 (+20) Per-user Fab-ric
 []


Underfull \hbox (badness 10000) in paragraph at lines 2248--2248
[]|\T1/cmr/m/n/10.95 (+20) Hardware-backed
 []


Underfull \hbox (badness 10000) in paragraph at lines 2248--2248
[]|\T1/cmr/m/n/10.95 (+20) WebAuthn/FIDO2
 []


Underfull \hbox (badness 10000) in paragraph at lines 2248--2248
[]|\T1/cmr/m/n/10.95 (+20) Browser re-encrypts
 []


Underfull \hbox (badness 10000) in paragraph at lines 2248--2248
\OML/cmm/m/it/10.95 k[]$ \T1/cmr/m/n/10.95 (+20) for re-main-ing
 []


Underfull \hbox (badness 10000) in paragraph at lines 2248--2248
[]|\T1/cmr/m/n/10.95 (+20) Notification im-ple-
 []


Underfull \hbox (badness 10000) in paragraph at lines 2248--2248
\T1/cmr/m/n/10.95 (+20) mented; browser
 []


Underfull \hbox (badness 1708) in paragraph at lines 2248--2248
\T1/cmr/m/n/10.95 (+20) owner ac-tion; proxy
 []


Underfull \hbox (badness 4353) in paragraph at lines 2248--2248
\T1/cmr/m/n/10.95 (+20) re-encryption is the
 []


Underfull \hbox (badness 2221) in paragraph at lines 2248--2248
[]|\T1/cmr/m/n/10.95 (+20) TOTP MFA re-
 []


Underfull \hbox (badness 2521) in paragraph at lines 2248--2248
\T1/cmr/m/n/10.95 (+20) gen-er-a-tion at en-roll-
 []


Underfull \hbox (badness 10000) in paragraph at lines 2248--2248
[]|\T1/cmr/m/n/10.95 (+20) TPM/HSM-backed
 []


Underfull \hbox (badness 10000) in paragraph at lines 2248--2248
\T1/cmr/m/n/10.95 (+20) TLS cer-tifi-cates on
 []


Underfull \hbox (badness 10000) in paragraph at lines 2248--2248
[]|\T1/cmr/m/n/10.95 (+20) Wrapped-key to-kens
 []


Underfull \hbox (badness 3803) in paragraph at lines 2248--2248
\T1/cmr/m/n/10.95 (+20) to re-duce key-token
 []


Underfull \hbox (badness 10000) in paragraph at lines 2248--2248
[]|\T1/cmr/m/n/10.95 (+20) Prototype stores
 []


Underfull \hbox (badness 10000) in paragraph at lines 2248--2248
\T1/cmr/m/n/10.95 (+20) ECIES-wrapped to-
 []


Underfull \hbox (badness 10000) in paragraph at lines 2248--2248
\T1/cmr/m/n/10.95 (+20) kens as en-crypted
 []


Underfull \hbox (badness 10000) in paragraph at lines 2248--2248
\T1/cmr/m/n/10.95 (+20) Fab-ric world-state
 []


Underfull \hbox (badness 10000) in paragraph at lines 2248--2248
\T1/cmr/m/n/10.95 (+20) val-ues in-dexed by
 []


Underfull \hbox (badness 1742) in paragraph at lines 2248--2248
\T1/cmr/m/n/10.95 (+20) doc-u-ment and re-cip-
 []

[46] [47] [48] [49]
Overfull \hbox (17.6207pt too wide) in paragraph at lines 2250--2261
[][] 
 []


Overfull \hbox (20.67429pt too wide) in paragraph at lines 2298--2310
[]\T1/cmr/m/n/12 (-20) The repos-i-tory con-tains con-fig-u-ra-tion ar-ti-facts
 for a larger six-peer-organization
 []

[50]
<figures/fabric_topology4.pdf, id=5097, 935.41469pt x 519.86218pt>
File: figures/fabric_topology4.pdf Graphic file (type pdf)
<use figures/fabric_topology4.pdf>
Package pdftex.def Info: figures/fabric_topology4.pdf  used on input line 2320.

(pdftex.def)             Requested size: 780.0pt x 433.50034pt.

Overfull \hbox (390.0pt too wide) in paragraph at lines 2320--2326
 [][] 
 []

[51]
<figures/grant_access_sequence.pdf, id=5107, 601.28638pt x 327.14218pt>
File: figures/grant_access_sequence.pdf Graphic file (type pdf)
<use figures/grant_access_sequence.pdf>
Package pdftex.def Info: figures/grant_access_sequence.pdf  used on input line 
2366.
(pdftex.def)             Requested size: 319.80286pt x 173.99352pt.
<figures/verify_access_sequence.pdf, id=5110, 669.46106pt x 457.71pt>
File: figures/verify_access_sequence.pdf Graphic file (type pdf)
<use figures/verify_access_sequence.pdf>
Package pdftex.def Info: figures/verify_access_sequence.pdf  used on input line
 2384.
(pdftex.def)             Requested size: 343.2019pt x 234.65123pt.
<figures/activity_diagram.pdf, id=5116, 478.66827pt x 291.00719pt>
File: figures/activity_diagram.pdf Graphic file (type pdf)
<use figures/activity_diagram.pdf>
Package pdftex.def Info: figures/activity_diagram.pdf  used on input line 2404.

(pdftex.def)             Requested size: 545.99762pt x 331.96921pt.

Overfull \hbox (155.99762pt too wide) in paragraph at lines 2404--2408
 [][] 
 []

[52]
<figures/ui_ledger_explorer.png, id=5128, 1028.34187pt x 578.16pt>
File: figures/ui_ledger_explorer.png Graphic file (type png)
<use figures/ui_ledger_explorer.png>
Package pdftex.def Info: figures/ui_ledger_explorer.png  used on input line 243
5.
(pdftex.def)             Requested size: 187.19833pt x 105.24644pt.
<figures/ui_audit_log.png, id=5130, 1028.34187pt x 578.16pt>
File: figures/ui_audit_log.png Graphic file (type png)
<use figures/ui_audit_log.png>
Package pdftex.def Info: figures/ui_audit_log.png  used on input line 2438.
(pdftex.def)             Requested size: 187.19833pt x 105.24644pt.

Overfull \hbox (27.00488pt too wide) in paragraph at lines 2467--2473
\T1/cmr/m/n/12 (-20) Law-FirmB, Reg-u-la-torOrg) on a shared \T1/cmtt/m/n/12 le
galchannel\T1/cmr/m/n/12 (-20) , each backed by CouchDB 3.2.
 []


Overfull \hbox (67.02524pt too wide) in paragraph at lines 2474--2483
[]\T1/cmr/m/n/12 (-20) Unless oth-er-wise stated, \T1/cmtt/m/n/12 BatchTimeout 
\T1/cmr/m/n/12 (-20) was set to 2s and \T1/cmtt/m/n/12 BatchSize.MaxMessageCoun
t
 []

[53] [54]
<figures/fig1_scalability.pdf, id=5173, 543.22902pt x 311.96503pt>
File: figures/fig1_scalability.pdf Graphic file (type pdf)
<use figures/fig1_scalability.pdf>
Package pdftex.def Info: figures/fig1_scalability.pdf  used on input line 2578.

(pdftex.def)             Requested size: 304.19952pt x 174.69444pt.
 [55] [56]
<figures/fig2_latency.pdf, id=5196, 601.045pt x 340.61261pt>
File: figures/fig2_latency.pdf Graphic file (type pdf)
<use figures/fig2_latency.pdf>
Package pdftex.def Info: figures/fig2_latency.pdf  used on input line 2687.
(pdftex.def)             Requested size: 304.19952pt x 172.39pt.
 [57]
<figures/fig3_filesize.pdf, id=5203, 543.22902pt x 384.23503pt>
File: figures/fig3_filesize.pdf Graphic file (type pdf)
<use figures/fig3_filesize.pdf>
Package pdftex.def Info: figures/fig3_filesize.pdf  used on input line 2709.
(pdftex.def)             Requested size: 304.19952pt x 215.16428pt.
<figures/fig4_audit.pdf, id=5209, 543.22902pt x 250.53552pt>
File: figures/fig4_audit.pdf Graphic file (type pdf)
<use figures/fig4_audit.pdf>
Package pdftex.def Info: figures/fig4_audit.pdf  used on input line 2742.
(pdftex.def)             Requested size: 335.40024pt x 154.68434pt.
 [58]
<figures/fig5_wan.pdf, id=5223, 774.49304pt x 311.96503pt>
File: figures/fig5_wan.pdf Graphic file (type pdf)
<use figures/fig5_wan.pdf>
Package pdftex.def Info: figures/fig5_wan.pdf  used on input line 2830.
(pdftex.def)             Requested size: 366.60095pt x 147.66605pt.
 [59] [60]
<figures/fig6_crypto.pdf, id=5240, 774.49304pt x 326.41902pt>
File: figures/fig6_crypto.pdf Graphic file (type pdf)
<use figures/fig6_crypto.pdf>
Package pdftex.def Info: figures/fig6_crypto.pdf  used on input line 2880.
(pdftex.def)             Requested size: 350.99762pt x 147.93315pt.
<figures/fig7_gethistory.pdf, id=5246, 760.03902pt x 311.96503pt>
File: figures/fig7_gethistory.pdf Graphic file (type pdf)
<use figures/fig7_gethistory.pdf>
Package pdftex.def Info: figures/fig7_gethistory.pdf  used on input line 2935.
(pdftex.def)             Requested size: 304.19952pt x 124.85995pt.
 [61]
<figures/fig8_sensitivity.pdf, id=5255, 543.22902pt x 297.511pt>
File: figures/fig8_sensitivity.pdf Graphic file (type pdf)
<use figures/fig8_sensitivity.pdf>
Package pdftex.def Info: figures/fig8_sensitivity.pdf  used on input line 2983.

(pdftex.def)             Requested size: 390.0pt x 213.59488pt.
 [62]
Overfull \hbox (4.79622pt too wide) in paragraph at lines 2997--2998
[]\T1/cmr/m/n/12 (-20) This re-sult sub-stan-ti-ates the fail-closed be-hav-ior
 for the eval-u-ated document-
 []

<figures/fig9_failclosed_outage.pdf, id=5263, 722.7pt x 346.89601pt>
File: figures/fig9_failclosed_outage.pdf Graphic file (type pdf)
<use figures/fig9_failclosed_outage.pdf>
Package pdftex.def Info: figures/fig9_failclosed_outage.pdf  used on input line
 3001.
(pdftex.def)             Requested size: 331.50238pt x 159.11888pt.
<figures/fig10_ipfs_cost.pdf, id=5268, 794.97pt x 592.61403pt>
File: figures/fig10_ipfs_cost.pdf Graphic file (type pdf)
<use figures/fig10_ipfs_cost.pdf>
Package pdftex.def Info: figures/fig10_ipfs_cost.pdf  used on input line 3046.
(pdftex.def)             Requested size: 382.19833pt x 284.9217pt.
[63]
<figures/fig11_caliper.pdf, id=5277, 794.97pt x 332.44202pt>
File: figures/fig11_caliper.pdf Graphic file (type pdf)
<use figures/fig11_caliper.pdf>
Package pdftex.def Info: figures/fig11_caliper.pdf  used on input line 3086.
(pdftex.def)             Requested size: 350.99762pt x 146.7822pt.
<figures/fig12_ledger_growth.pdf, id=5281, 794.97pt x 332.44202pt>
File: figures/fig12_ledger_growth.pdf Graphic file (type pdf)
<use figures/fig12_ledger_growth.pdf>
Package pdftex.def Info: figures/fig12_ledger_growth.pdf  used on input line 31
25.
(pdftex.def)             Requested size: 350.99762pt x 146.7822pt.
 [64]
<figures/fig13_network_scaling.pdf, id=5290, 794.97pt x 332.44202pt>
File: figures/fig13_network_scaling.pdf Graphic file (type pdf)
<use figures/fig13_network_scaling.pdf>
Package pdftex.def Info: figures/fig13_network_scaling.pdf  used on input line 
3166.
(pdftex.def)             Requested size: 350.99762pt x 146.7822pt.
 [65]
<figures/fig14_baseline.pdf, id=5300, 794.97pt x 332.44202pt>
File: figures/fig14_baseline.pdf Graphic file (type pdf)
<use figures/fig14_baseline.pdf>
Package pdftex.def Info: figures/fig14_baseline.pdf  used on input line 3217.
(pdftex.def)             Requested size: 350.99762pt x 146.7822pt.

Underfull \vbox (badness 1590) has occurred while \output is active []

 [66]
Overfull \hbox (22.75832pt too wide) in paragraph at lines 3337--3348
\T1/cmr/m/n/12 (-20) uses the Fab-ric trans-ac-tion times-tamp (\T1/cmtt/m/n/12
 ctx.GetStub().GetTxTimestamp()\T1/cmr/m/n/12 (-20) )
 []

[67]
Overfull \hbox (4.18654pt too wide) in paragraph at lines 3364--3371
\T1/cmr/m/n/12 (-20) been val-i-dated at pro-duc-tion scale. Mit-i-ga-tions in-
clude re-duc-ing \T1/cmtt/m/n/12 BatchTimeout
 []


Overfull \hbox (18.3314pt too wide) in paragraph at lines 3372--3379
\T1/cmr/m/n/12 (-20) failover, multi-peer fail-ure com-bi-na-tions, or re-cov-e
ry dur-ing con-cur-rent production-
 []


Underfull \vbox (badness 1924) has occurred while \output is active []

 [68]
[69]
Overfull \hbox (0.83508pt too wide) in paragraph at lines 3447--3461
[]\T1/cmr/m/n/12 (-20) The Post-greSQL iden-tity database stores each user's pu
b-lic keys (\T1/cmtt/m/n/12 pk_ecies\T1/cmr/m/n/12 (-20) ,
 []

[70] [71]
Overfull \hbox (72.48236pt too wide) in paragraph at lines 3505--3514
\T1/cmtt/m/n/12 /documents/{id}/download\T1/cmr/m/n/12 (-20) ), ac-cess grant a
nd re-vo-ca-tion (\T1/cmtt/m/n/12 POST /documents/{id}/grant\T1/cmr/m/n/12 (-20
) ,
 []

[72] [73]
Overfull \hbox (26.30418pt too wide) in paragraph at lines 3578--3592
\T1/cmr/m/n/12 (-20) au-dit dash-boards and joint en-dorse-ment poli-cies such 
as \T1/cmtt/m/n/12 AND('LawFirmAMSP.peer',
 []

[74] [75 <./figures/access_and_decryption.pdf>] [76 <./figures/key_rotation_and
_recovery.pdf>] [77 <./figures/rbac_acl_pipeline.pdf>] [78 <./figures/fabric_to
pology4.pdf>] [79 <./figures/grant_access_sequence.pdf> <./figures/verify_acces
s_sequence.pdf>] [80 <./figures/activity_diagram.pdf> <./figures/ui_ledger_expl
orer.png> <./figures/ui_audit_log.png>] [81 <./figures/fig1_scalability.pdf> <.
/figures/fig2_latency.pdf>] [82 <./figures/fig3_filesize.pdf> <./figures/fig4_a
udit.pdf>] [83 <./figures/fig5_wan.pdf> <./figures/fig6_crypto.pdf>] [84 <./fig
ures/fig7_gethistory.pdf> <./figures/fig8_sensitivity.pdf>] [85 <./figures/fig9
_failclosed_outage.pdf>] [86 <./figures/fig10_ipfs_cost.pdf>] [87 <./figures/fi
g11_caliper.pdf> <./figures/fig12_ledger_growth.pdf>] [88 <./figures/fig13_netw
ork_scaling.pdf> <./figures/fig14_baseline.pdf>] [89

] [90] [91]
(/usr/local/texlive/2026/texmf-dist/tex/latex/listings/lstlang1.sty
File: lstlang1.sty 2025/11/14 1.11b listings language file
) [92]
[93] (/usr/local/texlive/2026/texmf-dist/tex/latex/listings/lstlang1.sty
File: lstlang1.sty 2025/11/14 1.11b listings language file
)
[94] [95] (./main.bbl [96] [97] [98] [99] [100] [101] [102] [103] [104]
[105] [106] [107]) [108] (./main.aux)
 ***********
LaTeX2e <2026-06-01>
L3 programming layer <2026-06-18>
 ***********


LaTeX Font Warning: Size substitutions with differences
(Font)              up to 4.5pt have occurred.

Package rerunfilecheck Info: File `main.out' has not changed.
(rerunfilecheck)             Checksum: C93367F8C2552AB9047A89939A43B662;18330.
 ) 
Here is how much of TeX's memory you used:
 19365 strings out of 467168
 308666 string characters out of 5409468
 1218023 words of memory out of 5000000
 47353 multiletter control sequences out of 15000+600000
 672856 words of font info for 331 fonts, out of 8000000 for 9000
 1141 hyphenation exceptions out of 8191
 74i,14n,79p,1698b,2329s stack positions out of 10000i,1000n,20000p,200000b,200000s
</usr/local/texlive/2026/texmf-dist/fonts/type1/public/amsfonts/cm/cmmi10.pfb
></usr/local/texlive/2026/texmf-dist/fonts/type1/public/amsfonts/cm/cmmi12.pfb>
</usr/local/texlive/2026/texmf-dist/fonts/type1/public/amsfonts/cm/cmmi5.pfb></
usr/local/texlive/2026/texmf-dist/fonts/type1/public/amsfonts/cm/cmmi6.pfb></us
r/local/texlive/2026/texmf-dist/fonts/type1/public/amsfonts/cm/cmmi7.pfb></usr/
local/texlive/2026/texmf-dist/fonts/type1/public/amsfonts/cm/cmmi8.pfb></usr/lo
cal/texlive/2026/texmf-dist/fonts/type1/public/amsfonts/cm/cmr10.pfb></usr/loca
l/texlive/2026/texmf-dist/fonts/type1/public/amsfonts/cm/cmr12.pfb></usr/local/
texlive/2026/texmf-dist/fonts/type1/public/amsfonts/cm/cmr7.pfb></usr/local/tex
live/2026/texmf-dist/fonts/type1/public/amsfonts/cm/cmr8.pfb></usr/local/texliv
e/2026/texmf-dist/fonts/type1/public/amsfonts/cm/cmsy10.pfb></usr/local/texlive
/2026/texmf-dist/fonts/type1/public/amsfonts/cm/cmsy6.pfb></usr/local/texlive/2
026/texmf-dist/fonts/type1/public/amsfonts/cm/cmsy7.pfb></usr/local/texlive/202
6/texmf-dist/fonts/type1/public/amsfonts/cm/cmsy8.pfb></usr/local/texlive/2026/
texmf-dist/fonts/type1/public/amsfonts/cm/cmti10.pfb></usr/local/texlive/2026/t
exmf-dist/fonts/type1/public/cm-super/sfbx0600.pfb></usr/local/texlive/2026/tex
mf-dist/fonts/type1/public/cm-super/sfbx0800.pfb></usr/local/texlive/2026/texmf
-dist/fonts/type1/public/cm-super/sfbx1000.pfb></usr/local/texlive/2026/texmf-d
ist/fonts/type1/public/cm-super/sfbx1095.pfb></usr/local/texlive/2026/texmf-dis
t/fonts/type1/public/cm-super/sfbx1200.pfb></usr/local/texlive/2026/texmf-dist/
fonts/type1/public/cm-super/sfcc1200.pfb></usr/local/texlive/2026/texmf-dist/fo
nts/type1/public/cm-super/sfit0800.pfb></usr/local/texlive/2026/texmf-dist/font
s/type1/public/cm-super/sfrm0600.pfb></usr/local/texlive/2026/texmf-dist/fonts/
type1/public/cm-super/sfrm0700.pfb></usr/local/texlive/2026/texmf-dist/fonts/ty
pe1/public/cm-super/sfrm0800.pfb></usr/local/texlive/2026/texmf-dist/fonts/type
1/public/cm-super/sfrm1000.pfb></usr/local/texlive/2026/texmf-dist/fonts/type1/
public/cm-super/sfrm1095.pfb></usr/local/texlive/2026/texmf-dist/fonts/type1/pu
blic/cm-super/sfrm1200.pfb></usr/local/texlive/2026/texmf-dist/fonts/type1/publ
ic/cm-super/sfrm1728.pfb></usr/local/texlive/2026/texmf-dist/fonts/type1/public
/cm-super/sfti0700.pfb></usr/local/texlive/2026/texmf-dist/fonts/type1/public/c
m-super/sfti0800.pfb></usr/local/texlive/2026/texmf-dist/fonts/type1/public/cm-
super/sfti1000.pfb></usr/local/texlive/2026/texmf-dist/fonts/type1/public/cm-su
per/sfti1095.pfb></usr/local/texlive/2026/texmf-dist/fonts/type1/public/cm-supe
r/sfti1200.pfb></usr/local/texlive/2026/texmf-dist/fonts/type1/public/cm-super/
sftt0800.pfb></usr/local/texlive/2026/texmf-dist/fonts/type1/public/cm-super/sf
tt1000.pfb></usr/local/texlive/2026/texmf-dist/fonts/type1/public/cm-super/sftt
1095.pfb></usr/local/texlive/2026/texmf-dist/fonts/type1/public/cm-super/sftt12
00.pfb>
Output written on main.pdf (108 pages, 6335005 bytes).
PDF statistics:
 8540 PDF objects out of 8907 (max. 8388607)
 4726 compressed objects within 48 object streams
 564 named destinations out of 1000 (max. 500000)
 80150 words of extra memory for PDF output out of 89155 (max. 10000000)

