\BOOKMARK [1][-]{section.1}{\376\377\000I\000n\000t\000r\000o\000d\000u\000c\000t\000i\000o\000n}{}% 1
\BOOKMARK [2][-]{subsection.1.1}{\376\377\000E\000x\000i\000s\000t\000i\000n\000g\000\040\000C\000h\000a\000l\000l\000e\000n\000g\000e\000s\000\040\000a\000n\000d\000\040\000P\000r\000o\000b\000l\000e\000m\000\040\000D\000e\000f\000i\000n\000i\000t\000i\000o\000n}{section.1}% 2
\BOOKMARK [2][-]{subsection.1.2}{\376\377\000P\000r\000o\000p\000o\000s\000e\000d\000\040\000S\000o\000l\000u\000t\000i\000o\000n\000\040\000a\000n\000d\000\040\000R\000e\000s\000e\000a\000r\000c\000h\000\040\000O\000b\000j\000e\000c\000t\000i\000v\000e\000s}{section.1}% 3
\BOOKMARK [2][-]{subsection.1.3}{\376\377\000C\000o\000n\000t\000r\000i\000b\000u\000t\000i\000o\000n\000s}{section.1}% 4
\BOOKMARK [1][-]{section.2}{\376\377\000L\000i\000t\000e\000r\000a\000t\000u\000r\000e\000\040\000R\000e\000v\000i\000e\000w}{}% 5
\BOOKMARK [2][-]{subsection.2.1}{\376\377\000F\000o\000u\000n\000d\000a\000t\000i\000o\000n\000a\000l\000\040\000T\000e\000c\000h\000n\000o\000l\000o\000g\000i\000e\000s}{section.2}% 6
\BOOKMARK [2][-]{subsection.2.2}{\376\377\000E\000v\000o\000l\000u\000t\000i\000o\000n\000\040\000o\000f\000\040\000B\000l\000o\000c\000k\000c\000h\000a\000i\000n\000\040\000i\000n\000\040\000L\000e\000g\000a\000l\000\040\000T\000e\000c\000h\000n\000o\000l\000o\000g\000y}{section.2}% 7
\BOOKMARK [3][-]{subsubsection.2.2.1}{\376\377\000I\000n\000t\000e\000g\000r\000i\000t\000y\000-\000O\000n\000l\000y\000\040\000S\000y\000s\000t\000e\000m\000s}{subsection.2.2}% 8
\BOOKMARK [3][-]{subsubsection.2.2.2}{\376\377\000H\000y\000b\000r\000i\000d\000\040\000B\000l\000o\000c\000k\000c\000h\000a\000i\000n\040\023\000I\000P\000F\000S\000\040\000S\000t\000o\000r\000a\000g\000e\000\040\000S\000y\000s\000t\000e\000m\000s}{subsection.2.2}% 9
\BOOKMARK [3][-]{subsubsection.2.2.3}{\376\377\000M\000u\000l\000t\000i\000-\000P\000a\000r\000t\000y\000\040\000a\000n\000d\000\040\000F\000a\000b\000r\000i\000c\000-\000B\000a\000s\000e\000d\000\040\000E\000v\000i\000d\000e\000n\000c\000e\000\040\000S\000y\000s\000t\000e\000m\000s}{subsection.2.2}% 10
\BOOKMARK [3][-]{subsubsection.2.2.4}{\376\377\000A\000c\000c\000e\000s\000s\000-\000C\000o\000n\000t\000r\000o\000l\000-\000C\000e\000n\000t\000r\000i\000c\000\040\000F\000a\000b\000r\000i\000c\000\040\000a\000n\000d\000\040\000I\000P\000F\000S\000\040\000S\000y\000s\000t\000e\000m\000s}{subsection.2.2}% 11
\BOOKMARK [2][-]{subsection.2.3}{\376\377\000I\000d\000e\000n\000t\000i\000f\000i\000e\000d\000\040\000R\000e\000s\000e\000a\000r\000c\000h\000\040\000G\000a\000p\000s}{section.2}% 12
\BOOKMARK [1][-]{section.3}{\376\377\000S\000y\000s\000t\000e\000m\000\040\000A\000r\000c\000h\000i\000t\000e\000c\000t\000u\000r\000e\000\040\000a\000n\000d\000\040\000D\000e\000s\000i\000g\000n}{}% 13
\BOOKMARK [2][-]{subsection.3.1}{\376\377\000M\000o\000t\000i\000v\000a\000t\000i\000n\000g\000\040\000S\000c\000e\000n\000a\000r\000i\000o\000:\000\040\000A\000\040\000C\000r\000o\000s\000s\000-\000F\000i\000r\000m\000\040\000E\000-\000D\000i\000s\000c\000o\000v\000e\000r\000y\000\040\000E\000x\000c\000h\000a\000n\000g\000e}{section.3}% 14
\BOOKMARK [2][-]{subsection.3.2}{\376\377\000O\000p\000e\000r\000a\000t\000i\000o\000n\000a\000l\000\040\000W\000o\000r\000k\000f\000l\000o\000w\000s}{section.3}% 15
\BOOKMARK [3][-]{subsubsection.3.2.1}{\376\377\000U\000s\000e\000r\000\040\000R\000e\000g\000i\000s\000t\000r\000a\000t\000i\000o\000n}{subsection.3.2}% 16
\BOOKMARK [3][-]{subsubsection.3.2.2}{\376\377\000D\000o\000c\000u\000m\000e\000n\000t\000\040\000U\000p\000l\000o\000a\000d\000\040\000a\000n\000d\000\040\000R\000e\000g\000i\000s\000t\000r\000a\000t\000i\000o\000n}{subsection.3.2}% 17
\BOOKMARK [3][-]{subsubsection.3.2.3}{\376\377\000A\000c\000c\000e\000s\000s\000\040\000C\000o\000n\000t\000r\000o\000l\000\040\000a\000n\000d\000\040\000D\000o\000c\000u\000m\000e\000n\000t\000\040\000R\000e\000t\000r\000i\000e\000v\000a\000l}{subsection.3.2}% 18
\BOOKMARK [3][-]{subsubsection.3.2.4}{\376\377\000A\000u\000d\000i\000t\000\040\000a\000n\000d\000\040\000I\000n\000t\000e\000g\000r\000i\000t\000y\000\040\000V\000e\000r\000i\000f\000i\000c\000a\000t\000i\000o\000n}{subsection.3.2}% 19
\BOOKMARK [2][-]{subsection.3.3}{\376\377\000C\000r\000y\000p\000t\000o\000g\000r\000a\000p\000h\000i\000c\000\040\000L\000a\000y\000e\000r}{section.3}% 20
\BOOKMARK [3][-]{subsubsection.3.3.1}{\376\377\000N\000o\000t\000a\000t\000i\000o\000n}{subsection.3.3}% 21
\BOOKMARK [3][-]{subsubsection.3.3.2}{\376\377\000K\000e\000y\000\040\000D\000e\000r\000i\000v\000a\000t\000i\000o\000n}{subsection.3.3}% 22
\BOOKMARK [3][-]{subsubsection.3.3.3}{\376\377\000E\000C\000D\000S\000A\000\040\000D\000o\000c\000u\000m\000e\000n\000t\000\040\000S\000i\000g\000n\000a\000t\000u\000r\000e\000s}{subsection.3.3}% 23
\BOOKMARK [3][-]{subsubsection.3.3.4}{\376\377\000K\000e\000y\000\040\000M\000a\000n\000a\000g\000e\000m\000e\000n\000t\000\040\000L\000i\000f\000e\000c\000y\000c\000l\000e}{subsection.3.3}% 24
\BOOKMARK [2][-]{subsection.3.4}{\376\377\000T\000w\000o\000-\000L\000a\000y\000e\000r\000\040\000A\000c\000c\000e\000s\000s\000\040\000C\000o\000n\000t\000r\000o\000l\000\040\000A\000r\000c\000h\000i\000t\000e\000c\000t\000u\000r\000e}{section.3}% 25
\BOOKMARK [2][-]{subsection.3.5}{\376\377\000A\000u\000d\000i\000t\000\040\000A\000r\000c\000h\000i\000t\000e\000c\000t\000u\000r\000e}{section.3}% 26
\BOOKMARK [1][-]{section.4}{\376\377\000G\000o\000v\000e\000r\000n\000a\000n\000c\000e\000,\000\040\000S\000e\000c\000u\000r\000i\000t\000y\000,\000\040\000a\000n\000d\000\040\000C\000o\000n\000s\000e\000n\000s\000u\000s}{}% 27
\BOOKMARK [2][-]{subsection.4.1}{\376\377\000O\000p\000e\000r\000a\000t\000i\000o\000n\000a\000l\000\040\000T\000h\000r\000e\000a\000t\000\040\000M\000o\000d\000e\000l}{section.4}% 28
\BOOKMARK [3][-]{subsubsection.4.1.1}{\376\377\000T\000r\000u\000s\000t\000\040\000A\000s\000s\000u\000m\000p\000t\000i\000o\000n\000s\000\040\000p\000e\000r\000\040\000C\000o\000m\000p\000o\000n\000e\000n\000t}{subsection.4.1}% 29
\BOOKMARK [3][-]{subsubsection.4.1.2}{\376\377\000A\000d\000v\000e\000r\000s\000a\000r\000y\000\040\000C\000a\000p\000a\000b\000i\000l\000i\000t\000y\000\040\000M\000a\000t\000r\000i\000x}{subsection.4.1}% 30
\BOOKMARK [3][-]{subsubsection.4.1.3}{\376\377\000S\000e\000c\000u\000r\000i\000t\000y\000\040\000P\000r\000o\000p\000e\000r\000t\000i\000e\000s}{subsection.4.1}% 31
\BOOKMARK [3][-]{subsubsection.4.1.4}{\376\377\000A\000t\000t\000a\000c\000k\000-\000S\000c\000e\000n\000a\000r\000i\000o\000\040\000W\000a\000l\000k\000-\000T\000h\000r\000o\000u\000g\000h\000s}{subsection.4.1}% 32
\BOOKMARK [3][-]{subsubsection.4.1.5}{\376\377\000O\000u\000t\000-\000o\000f\000-\000S\000c\000o\000p\000e\000\040\000A\000t\000t\000a\000c\000k\000s}{subsection.4.1}% 33
\BOOKMARK [2][-]{subsection.4.2}{\376\377\000S\000e\000c\000u\000r\000i\000t\000y\000\040\000A\000r\000c\000h\000i\000t\000e\000c\000t\000u\000r\000e}{section.4}% 34
\BOOKMARK [3][-]{subsubsection.4.2.1}{\376\377\000C\000r\000y\000p\000t\000o\000g\000r\000a\000p\000h\000i\000c\000\040\000F\000r\000a\000m\000e\000w\000o\000r\000k}{subsection.4.2}% 35
\BOOKMARK [3][-]{subsubsection.4.2.2}{\376\377\000I\000d\000e\000n\000t\000i\000t\000y\000\040\000M\000a\000n\000a\000g\000e\000m\000e\000n\000t}{subsection.4.2}% 36
\BOOKMARK [2][-]{subsection.4.3}{\376\377\000C\000o\000n\000s\000e\000n\000s\000u\000s\000\040\000M\000e\000c\000h\000a\000n\000i\000s\000m\000\040\000a\000n\000d\000\040\000V\000a\000l\000i\000d\000a\000t\000i\000o\000n}{section.4}% 37
\BOOKMARK [1][-]{section.5}{\376\377\000P\000r\000o\000t\000o\000t\000y\000p\000e\000\040\000I\000m\000p\000l\000e\000m\000e\000n\000t\000a\000t\000i\000o\000n}{}% 38
\BOOKMARK [2][-]{subsection.5.1}{\376\377\000P\000r\000o\000t\000o\000t\000y\000p\000e\000\040\000S\000c\000o\000p\000e}{section.5}% 39
\BOOKMARK [2][-]{subsection.5.2}{\376\377\000T\000e\000c\000h\000n\000o\000l\000o\000g\000y\000\040\000S\000t\000a\000c\000k}{section.5}% 40
\BOOKMARK [2][-]{subsection.5.3}{\376\377\000B\000l\000o\000c\000k\000c\000h\000a\000i\000n\000\040\000N\000e\000t\000w\000o\000r\000k\000\040\000T\000o\000p\000o\000l\000o\000g\000y}{section.5}% 41
\BOOKMARK [2][-]{subsection.5.4}{\376\377\000C\000h\000a\000i\000n\000c\000o\000d\000e\000\040\000D\000e\000s\000i\000g\000n\000\040\000a\000n\000d\000\040\000F\000u\000n\000c\000t\000i\000o\000n\000a\000l\000i\000t\000y}{section.5}% 42
\BOOKMARK [2][-]{subsection.5.5}{\376\377\000U\000s\000e\000r\000\040\000I\000n\000t\000e\000r\000f\000a\000c\000e\000\040\000a\000n\000d\000\040\000F\000u\000n\000c\000t\000i\000o\000n\000a\000l\000\040\000S\000h\000o\000w\000c\000a\000s\000e}{section.5}% 43
\BOOKMARK [1][-]{section.6}{\376\377\000P\000e\000r\000f\000o\000r\000m\000a\000n\000c\000e\000\040\000E\000v\000a\000l\000u\000a\000t\000i\000o\000n}{}% 44
\BOOKMARK [2][-]{subsection.6.1}{\376\377\000E\000x\000p\000e\000r\000i\000m\000e\000n\000t\000\040\0001\000:\000\040\000S\000c\000a\000l\000a\000b\000i\000l\000i\000t\000y\000\040\000U\000n\000d\000e\000r\000\040\000C\000o\000n\000c\000u\000r\000r\000e\000n\000t\000\040\000L\000o\000a\000d}{section.6}% 45
\BOOKMARK [2][-]{subsection.6.2}{\376\377\000E\000x\000p\000e\000r\000i\000m\000e\000n\000t\000\040\0002\000:\000\040\000F\000u\000n\000c\000t\000i\000o\000n\000-\000L\000e\000v\000e\000l\000\040\000O\000p\000e\000r\000a\000t\000i\000o\000n\000\040\000L\000a\000t\000e\000n\000c\000y}{section.6}% 46
\BOOKMARK [2][-]{subsection.6.3}{\376\377\000E\000x\000p\000e\000r\000i\000m\000e\000n\000t\000\040\0003\000:\000\040\000F\000i\000l\000e\000-\000S\000i\000z\000e\000\040\000I\000n\000d\000e\000p\000e\000n\000d\000e\000n\000c\000e\000\040\000o\000f\000\040\000L\000e\000d\000g\000e\000r\000\040\000L\000a\000t\000e\000n\000c\000y}{section.6}% 47
\BOOKMARK [2][-]{subsection.6.4}{\376\377\000E\000x\000p\000e\000r\000i\000m\000e\000n\000t\000\040\0004\000:\000\040\000A\000u\000d\000i\000t\000\040\000V\000e\000r\000i\000f\000i\000c\000a\000t\000i\000o\000n\000\040\000E\000f\000f\000i\000c\000i\000e\000n\000c\000y}{section.6}% 48
\BOOKMARK [2][-]{subsection.6.5}{\376\377\000E\000x\000p\000e\000r\000i\000m\000e\000n\000t\000\040\0005\000:\000\040\000R\000e\000s\000i\000l\000i\000e\000n\000c\000e\000\040\000U\000n\000d\000e\000r\000\040\000W\000A\000N\000\040\000L\000a\000t\000e\000n\000c\000y}{section.6}% 49
\BOOKMARK [2][-]{subsection.6.6}{\376\377\000E\000x\000p\000e\000r\000i\000m\000e\000n\000t\000\040\0006\000:\000\040\000C\000r\000y\000p\000t\000o\000g\000r\000a\000p\000h\000i\000c\000\040\000P\000r\000i\000m\000i\000t\000i\000v\000e\000\040\000B\000e\000n\000c\000h\000m\000a\000r\000k}{section.6}% 50
\BOOKMARK [2][-]{subsection.6.7}{\376\377\000E\000x\000p\000e\000r\000i\000m\000e\000n\000t\000\040\0007\000:\000\040\000B\000l\000o\000c\000k\000c\000h\000a\000i\000n\000\040\000A\000u\000d\000i\000t\000\040\000T\000r\000a\000i\000l\000\040\000Q\000u\000e\000r\000y\000\040\000D\000e\000p\000t\000h}{section.6}% 51
\BOOKMARK [2][-]{subsection.6.8}{\376\377\000E\000x\000p\000e\000r\000i\000m\000e\000n\000t\000\040\0008\000:\000\040\000B\000a\000t\000c\000h\000T\000i\000m\000e\000o\000u\000t\000\040\000S\000e\000n\000s\000i\000t\000i\000v\000i\000t\000y}{section.6}% 52
\BOOKMARK [2][-]{subsection.6.9}{\376\377\000E\000x\000p\000e\000r\000i\000m\000e\000n\000t\000\040\0009\000:\000\040\000F\000a\000i\000l\000-\000C\000l\000o\000s\000e\000d\000\040\000S\000e\000c\000u\000r\000i\000t\000y\000\040\000U\000n\000d\000e\000r\000\040\000F\000a\000b\000r\000i\000c\000\040\000P\000e\000e\000r\000\040\000O\000u\000t\000a\000g\000e}{section.6}% 53
\BOOKMARK [2][-]{subsection.6.10}{\376\377\000E\000x\000p\000e\000r\000i\000m\000e\000n\000t\000\040\0001\0000\000:\000\040\000I\000P\000F\000S\000\040\000S\000t\000o\000r\000a\000g\000e\000\040\000a\000n\000d\000\040\000R\000e\000t\000r\000i\000e\000v\000a\000l\000\040\000C\000o\000s\000t}{section.6}% 54
\BOOKMARK [2][-]{subsection.6.11}{\376\377\000E\000x\000p\000e\000r\000i\000m\000e\000n\000t\000\040\0001\0001\000:\000\040\000S\000t\000a\000n\000d\000a\000r\000d\000-\000I\000n\000s\000t\000r\000u\000m\000e\000n\000t\000\040\000B\000e\000n\000c\000h\000m\000a\000r\000k\000\040\000\050\000H\000y\000p\000e\000r\000l\000e\000d\000g\000e\000r\000\040\000C\000a\000l\000i\000p\000e\000r\000\051}{section.6}% 55
\BOOKMARK [2][-]{subsection.6.12}{\376\377\000E\000x\000p\000e\000r\000i\000m\000e\000n\000t\000\040\0001\0002\000:\000\040\000D\000o\000c\000u\000m\000e\000n\000t\000-\000V\000o\000l\000u\000m\000e\000\040\000a\000n\000d\000\040\000L\000e\000d\000g\000e\000r\000-\000G\000r\000o\000w\000t\000h\000\040\000S\000c\000a\000l\000i\000n\000g}{section.6}% 56
\BOOKMARK [2][-]{subsection.6.13}{\376\377\000E\000x\000p\000e\000r\000i\000m\000e\000n\000t\000\040\0001\0003\000:\000\040\000S\000c\000a\000l\000i\000n\000g\000\040\000w\000i\000t\000h\000\040\000N\000e\000t\000w\000o\000r\000k\000\040\000S\000i\000z\000e\000\040\000a\000n\000d\000\040\000E\000n\000d\000o\000r\000s\000e\000m\000e\000n\000t\000\040\000P\000o\000l\000i\000c\000y}{section.6}% 57
\BOOKMARK [2][-]{subsection.6.14}{\376\377\000E\000x\000p\000e\000r\000i\000m\000e\000n\000t\000\040\0001\0004\000:\000\040\000P\000r\000i\000c\000e\000\040\000o\000f\000\040\000O\000n\000-\000P\000a\000t\000h\000\040\000E\000n\000f\000o\000r\000c\000e\000m\000e\000n\000t\000\040\000v\000s\000.\000\040\000a\000\040\000P\000a\000s\000s\000i\000v\000e\000-\000A\000u\000d\000i\000t\000-\000L\000o\000g\000\040\000B\000a\000s\000e\000l\000i\000n\000e}{section.6}% 58
\BOOKMARK [2][-]{subsection.6.15}{\376\377\000E\000x\000p\000e\000r\000i\000m\000e\000n\000t\000\040\0001\0005\000:\000\040\000C\000o\000n\000s\000o\000l\000i\000d\000a\000t\000e\000d\000\040\000E\000v\000i\000d\000e\000n\000c\000e\000\040\000a\000n\000d\000\040\000P\000o\000s\000i\000t\000i\000o\000n\000i\000n\000g\000\040\000A\000g\000a\000i\000n\000s\000t\000\040\000R\000e\000p\000o\000r\000t\000e\000d\000\040\000N\000u\000m\000b\000e\000r\000s}{section.6}% 59
\BOOKMARK [2][-]{subsection.6.16}{\376\377\000E\000x\000p\000e\000r\000i\000m\000e\000n\000t\000\040\0001\0006\000:\000\040\000D\000i\000v\000e\000r\000g\000e\000n\000c\000e\000\040\000U\000n\000d\000e\000r\000\040\000O\000r\000d\000e\000r\000e\000r\000-\000O\000n\000l\000y\000\040\000O\000u\000t\000a\000g\000e}{section.6}% 60
\BOOKMARK [1][-]{section.7}{\376\377\000L\000i\000m\000i\000t\000a\000t\000i\000o\000n\000s\000\040\000a\000n\000d\000\040\000F\000u\000t\000u\000r\000e\000\040\000W\000o\000r\000k}{}% 61
\BOOKMARK [2][-]{subsection.7.1}{\376\377\000L\000i\000m\000i\000t\000a\000t\000i\000o\000n\000s}{section.7}% 62
\BOOKMARK [3][-]{subsubsection.7.1.1}{\376\377\000G\000e\000o\000g\000r\000a\000p\000h\000i\000c\000\040\000D\000i\000s\000t\000r\000i\000b\000u\000t\000i\000o\000n\000\040\000a\000n\000d\000\040\000W\000A\000N\000\040\000L\000a\000t\000e\000n\000c\000y}{subsection.7.1}% 63
\BOOKMARK [3][-]{subsubsection.7.1.2}{\376\377\000C\000r\000a\000s\000h\000-\000F\000a\000u\000l\000t\000\040\000T\000o\000l\000e\000r\000a\000n\000c\000e\000\040\000v\000s\000.\000\040\000B\000y\000z\000a\000n\000t\000i\000n\000e\000\040\000F\000a\000u\000l\000t\000\040\000T\000o\000l\000e\000r\000a\000n\000c\000e}{subsection.7.1}% 64
\BOOKMARK [3][-]{subsubsection.7.1.3}{\376\377\000K\000e\000y\000\040\000M\000a\000n\000a\000g\000e\000m\000e\000n\000t\000\040\000a\000n\000d\000\040\000B\000r\000o\000w\000s\000e\000r\000\040\000D\000e\000p\000e\000n\000d\000e\000n\000c\000y}{subsection.7.1}% 65
\BOOKMARK [3][-]{subsubsection.7.1.4}{\376\377\000O\000n\000-\000C\000h\000a\000i\000n\000\040\000M\000e\000t\000a\000d\000a\000t\000a\000\040\000P\000r\000i\000v\000a\000c\000y}{subsection.7.1}% 66
\BOOKMARK [3][-]{subsubsection.7.1.5}{\376\377\000A\000u\000t\000h\000e\000n\000t\000i\000c\000a\000t\000i\000o\000n\000\040\000A\000s\000s\000u\000r\000a\000n\000c\000e\000\040\000L\000e\000v\000e\000l}{subsection.7.1}% 67
\BOOKMARK [3][-]{subsubsection.7.1.6}{\376\377\000I\000d\000e\000n\000t\000i\000t\000y\000\040\000D\000a\000t\000a\000b\000a\000s\000e\000\040\000P\000u\000b\000l\000i\000c\000\040\000K\000e\000y\000\040\000I\000n\000t\000e\000g\000r\000i\000t\000y}{subsection.7.1}% 68
\BOOKMARK [3][-]{subsubsection.7.1.7}{\376\377\000I\000P\000F\000S\000\040\000R\000e\000t\000r\000i\000e\000v\000a\000l\000\040\000T\000i\000m\000e\000o\000u\000t\000\040\000a\000n\000d\000\040\000T\000h\000r\000e\000a\000d\000\040\000M\000a\000n\000a\000g\000e\000m\000e\000n\000t}{subsection.7.1}% 69
\BOOKMARK [3][-]{subsubsection.7.1.8}{\376\377\000G\000D\000P\000R\000\040\000a\000n\000d\000\040\000R\000e\000g\000u\000l\000a\000t\000o\000r\000y\000\040\000C\000o\000m\000p\000l\000i\000a\000n\000c\000e}{subsection.7.1}% 70
\BOOKMARK [3][-]{subsubsection.7.1.9}{\376\377\000I\000n\000t\000e\000g\000r\000a\000t\000i\000o\000n\000\040\000w\000i\000t\000h\000\040\000L\000e\000g\000a\000c\000y\000\040\000L\000e\000g\000a\000l\000\040\000S\000y\000s\000t\000e\000m\000s}{subsection.7.1}% 71
\BOOKMARK [2][-]{subsection.7.2}{\376\377\000F\000u\000t\000u\000r\000e\000\040\000W\000o\000r\000k}{section.7}% 72
\BOOKMARK [1][-]{section.8}{\376\377\000D\000i\000s\000c\000u\000s\000s\000i\000o\000n}{}% 73
\BOOKMARK [1][-]{section.9}{\376\377\000C\000o\000n\000c\000l\000u\000s\000i\000o\000n}{}% 74
\BOOKMARK [1][-]{appendix.A}{\376\377\000I\000m\000p\000l\000e\000m\000e\000n\000t\000a\000t\000i\000o\000n\000\040\000l\000i\000s\000t\000i\000n\000g\000s}{}% 75
