[exp18 09:00:28] output dir: /home/angkon/Projects/Blockchain/FCDH_linux_validation/Fardeen_Codex_Dhaka_Meetup_Hackathon/experiments/db_acl_mutation/results/20260731_090028
[exp18 09:00:28] building fixture
[setup] logged in owner a.rahman@lawfirm-a.example
[setup] case 641583bb-de90-4785-a081-3d7f6d4fe019
[setup] document c34022c2-225a-4428-b4ac-663c0b6e8ce8 (fabricTx 36e85b68c802ff00fd623463bb4b7dc51911d73e4fc8426c36be8db4706a07d8)
[setup] granted read on c34022c2-225a-4428-b4ac-663c0b6e8ce8 to s.chowdhury@lawfirm-b.example (30-day expiry)
[attacker] reusing existing insider.firma@lawfirm-a.example
[exp18 09:00:37] doc=c34022c2-225a-4428-b4ac-663c0b6e8ce8 grantee=6afbbf2b-4a8c-4097-bed6-5b1c1fc52f3d insider=cb8b36e6-6072-4ed4-9ad3-def01f65a1ff
[exp18 09:00:41] ── case 1: forged database grant, cross-organization (RegulatorMSP) ──
[exp18 09:00:41]   [1.0] baseline download before mutation: HTTP 403
[exp18 09:00:41]   [1.1] injecting document_access row via psql (attacker has DB write)
[exp18 09:00:41]   [1.1] database now says: 'read'   ledger says: 'false'
[exp18 09:00:41]   [1.2] download WITH forged database grant: ciphertext HTTP 403, wrapped-key HTTP 403
[exp18 09:00:41]         (expect denial - the release path evaluates ledger state, not this row)
[exp18 09:00:43]   [1.3] audit entries recording a denial for this document: 0
[exp18 09:00:43]   [1.4] forged row reverted
[exp18 09:00:43] ── case 2: deleting a legitimate grant row ──
[exp18 09:00:43]   [2.0] genuine grantee before mutation: ciphertext HTTP 200, wrapped-key HTTP 200
[exp18 09:00:44]   [2.1] grant row deleted. ledger still says: 'true'
[exp18 09:00:44]         ciphertext HTTP 200, wrapped-key HTTP 403
[exp18 09:00:44]   [2.2] legitimate row restored
[exp18 09:00:44] ── case 3: same-organization insider, no grant in either store ──
[exp18 09:00:44]   [3.0] insider has 0 database rows; ledger CheckAccess says 'true'
[exp18 09:00:44]         ciphertext HTTP 403, wrapped-key HTTP 403
[exp18 09:00:44]         (a 200 here is the OwnerOrg fallback, i.e. reviewer finding M5)
[exp18 09:00:44] done. summary:
    step  description                                        result                                        
    1.0   "cross-org attacker baseline (no grant anywhere)"  "HTTP 403"                                    
    1.1   "forged row inserted (db vs ledger)"               "db=read ledger=false"                        
    1.2   "download with forged db grant"                    "ciphertext=403 wrapped_key=403"              
    1.3   "denial audited"                                   "denial_events=0"                             
    2.0   "genuine grantee baseline"                         "ciphertext=200 wrapped_key=200"              
    2.1   "after deleting legitimate db row"                 "ledger=true ciphertext=200 wrapped_key=403"  
    3.0   "same-org insider                                   no grant"                                    "db_rows=0 ledger=true ciphertext=403 wrapped_key=403"
[exp18 09:00:44] raw evidence in /home/angkon/Projects/Blockchain/FCDH_linux_validation/Fardeen_Codex_Dhaka_Meetup_Hackathon/experiments/db_acl_mutation/results/20260731_090028
