[exp18 10:30:55] output dir: /home/angkon/Projects/Blockchain/FCDH_linux_validation/Fardeen_Codex_Dhaka_Meetup_Hackathon/experiments/db_acl_mutation/results/20260731_103055
[exp18 10:30:55] building fixture
[setup] logged in owner a.rahman@lawfirm-a.example
[setup] case 67a2c180-53cb-491c-8b94-eab5dddca418
[setup] document c766dfda-bd52-48c4-a781-450ca1af8852 (fabricTx d220900a4e8b5a0636422baebb16219f7edf3d411f5c4742043230e16ff53b57)
[setup] granted read on c766dfda-bd52-48c4-a781-450ca1af8852 to s.chowdhury@lawfirm-b.example (30-day expiry)
[attacker] reusing existing insider.firma@lawfirm-a.example
[exp18 10:31:07] insider account status: ACTIVE (must be ACTIVE or case 3 is vacuous)
[exp18 10:31:07] doc=c766dfda-bd52-48c4-a781-450ca1af8852 grantee=6afbbf2b-4a8c-4097-bed6-5b1c1fc52f3d insider=cb8b36e6-6072-4ed4-9ad3-def01f65a1ff
[exp18 10:31:11] ── case 1: forged database grant, cross-organization (RegulatorMSP) ──
[exp18 10:31:11]   [1.0] baseline download before mutation: HTTP 403
[exp18 10:31:11]   [1.1] injecting document_access row via psql (attacker has DB write)
[exp18 10:31:11]   [1.1] database now says: 'read'   ledger says: 'false'
[exp18 10:31:11]   [1.2] download WITH forged database grant: ciphertext HTTP 403, wrapped-key HTTP 403
[exp18 10:31:11]         (expect denial - the release path evaluates ledger state, not this row)
[exp18 10:31:13]   [1.3] audit entries recording a denial for this document: 3
[exp18 10:31:13]   [1.4] forged row reverted
[exp18 10:31:13] ── case 2: deleting a legitimate grant row ──
[exp18 10:31:13]   [2.0] genuine grantee before mutation: ciphertext HTTP 200, wrapped-key HTTP 200
[exp18 10:31:14]   [2.1] grant row deleted. ledger still says: 'true'
[exp18 10:31:14]         ciphertext HTTP 200, wrapped-key HTTP 403
[exp18 10:31:14]   [2.2] legitimate row restored
[exp18 10:31:14] ── case 3: same-organization insider, no grant in either store ──
[exp18 10:31:14]   [3.0] insider has 0 database rows; ledger CheckAccess says 'false'
[exp18 10:31:14]         ciphertext HTTP 403, wrapped-key HTTP 403
[exp18 10:31:14]         (a 200 here is the OwnerOrg fallback, i.e. reviewer finding M5)
[exp18 10:31:14] done. summary:
    step  description                                        result                                        
    1.0   "cross-org attacker baseline (no grant anywhere)"  "HTTP 403"                                    
    1.1   "forged row inserted (db vs ledger)"               "db=read ledger=false"                        
    1.2   "download with forged db grant"                    "ciphertext=403 wrapped_key=403"              
    1.3   "denial audited"                                   "denial_events=3"                             
    2.0   "genuine grantee baseline"                         "ciphertext=200 wrapped_key=200"              
    2.1   "after deleting legitimate db row"                 "ledger=true ciphertext=200 wrapped_key=403"  
    3.0   "same-org insider                                   no grant"                                    "db_rows=0 ledger=false ciphertext=403 wrapped_key=403"
[exp18 10:31:14] raw evidence in /home/angkon/Projects/Blockchain/FCDH_linux_validation/Fardeen_Codex_Dhaka_Meetup_Hackathon/experiments/db_acl_mutation/results/20260731_103055
