[exp18 10:06:39] output dir: /home/angkon/Projects/Blockchain/FCDH_linux_validation/Fardeen_Codex_Dhaka_Meetup_Hackathon/experiments/db_acl_mutation/results/20260731_100639
[exp18 10:06:39] building fixture
[setup] logged in owner a.rahman@lawfirm-a.example
[setup] case b50affad-1eee-4afc-bbaa-8f165a2b3dca
[setup] document 5293885a-fcd5-4ae1-a55f-338e84d0e11c (fabricTx 65980fa100c9fa66fcf851b4422f3e6c72dd64d40ec5395fadba531dfd3d7204)
[setup] granted read on 5293885a-fcd5-4ae1-a55f-338e84d0e11c to s.chowdhury@lawfirm-b.example (30-day expiry)
[attacker] reusing existing insider.firma@lawfirm-a.example
[exp18 10:06:49] insider account status: ACTIVE (must be ACTIVE or case 3 is vacuous)
[exp18 10:06:49] doc=5293885a-fcd5-4ae1-a55f-338e84d0e11c grantee=6afbbf2b-4a8c-4097-bed6-5b1c1fc52f3d insider=cb8b36e6-6072-4ed4-9ad3-def01f65a1ff
[exp18 10:06:52] ── case 1: forged database grant, cross-organization (RegulatorMSP) ──
[exp18 10:06:52]   [1.0] baseline download before mutation: HTTP 403
[exp18 10:06:52]   [1.1] injecting document_access row via psql (attacker has DB write)
[exp18 10:06:52]   [1.1] database now says: 'read'   ledger says: 'false'
[exp18 10:06:53]   [1.2] download WITH forged database grant: ciphertext HTTP 403, wrapped-key HTTP 403
[exp18 10:06:53]         (expect denial - the release path evaluates ledger state, not this row)
[exp18 10:06:55]   [1.3] audit entries recording a denial for this document: 3
[exp18 10:06:55]   [1.4] forged row reverted
[exp18 10:06:55] ── case 2: deleting a legitimate grant row ──
[exp18 10:06:55]   [2.0] genuine grantee before mutation: ciphertext HTTP 200, wrapped-key HTTP 200
[exp18 10:06:55]   [2.1] grant row deleted. ledger still says: 'true'
[exp18 10:06:55]         ciphertext HTTP 200, wrapped-key HTTP 403
[exp18 10:06:55]   [2.2] legitimate row restored
[exp18 10:06:55] ── case 3: same-organization insider, no grant in either store ──
[exp18 10:06:55]   [3.0] insider has 0 database rows; ledger CheckAccess says 'true'
[exp18 10:06:55]         ciphertext HTTP 200, wrapped-key HTTP 403
[exp18 10:06:55]         (a 200 here is the OwnerOrg fallback, i.e. reviewer finding M5)
[exp18 10:06:55] done. summary:
    step  description                                        result                                        
    1.0   "cross-org attacker baseline (no grant anywhere)"  "HTTP 403"                                    
    1.1   "forged row inserted (db vs ledger)"               "db=read ledger=false"                        
    1.2   "download with forged db grant"                    "ciphertext=403 wrapped_key=403"              
    1.3   "denial audited"                                   "denial_events=3"                             
    2.0   "genuine grantee baseline"                         "ciphertext=200 wrapped_key=200"              
    2.1   "after deleting legitimate db row"                 "ledger=true ciphertext=200 wrapped_key=403"  
    3.0   "same-org insider                                   no grant"                                    "db_rows=0 ledger=true ciphertext=200 wrapped_key=403"
[exp18 10:06:55] raw evidence in /home/angkon/Projects/Blockchain/FCDH_linux_validation/Fardeen_Codex_Dhaka_Meetup_Hackathon/experiments/db_acl_mutation/results/20260731_100639
